Archive member included because of file (symbol)

c:/program files (x86)/atmel/atmel toolchain/arm gcc/native/4.8.1426/arm-gnu-toolchain/bin/../lib/gcc/arm-none-eabi/4.8.3/armv6-m\libgcc.a(_udivsi3.o)
                              src/ASF/common2/services/delay/sam0/systick_counter.o (__aeabi_uidiv)
c:/program files (x86)/atmel/atmel toolchain/arm gcc/native/4.8.1426/arm-gnu-toolchain/bin/../lib/gcc/arm-none-eabi/4.8.3/armv6-m\libgcc.a(_dvmd_tls.o)
                              c:/program files (x86)/atmel/atmel toolchain/arm gcc/native/4.8.1426/arm-gnu-toolchain/bin/../lib/gcc/arm-none-eabi/4.8.3/armv6-m\libgcc.a(_udivsi3.o) (__aeabi_idiv0)
c:/program files (x86)/atmel/atmel toolchain/arm gcc/native/4.8.1426/arm-gnu-toolchain/bin/../lib/gcc/arm-none-eabi/4.8.3/armv6-m\libgcc.a(_aeabi_uldivmod.o)
                              src/ASF/sam0/drivers/sercom/sercom.o (__aeabi_uldivmod)
c:/program files (x86)/atmel/atmel toolchain/arm gcc/native/4.8.1426/arm-gnu-toolchain/bin/../lib/gcc/arm-none-eabi/4.8.3/armv6-m\libgcc.a(_muldi3.o)
                              src/ASF/sam0/drivers/sercom/sercom.o (__aeabi_lmul)
c:/program files (x86)/atmel/atmel toolchain/arm gcc/native/4.8.1426/arm-gnu-toolchain/bin/../lib/gcc/arm-none-eabi/4.8.3/armv6-m\libgcc.a(bpabi.o)
                              c:/program files (x86)/atmel/atmel toolchain/arm gcc/native/4.8.1426/arm-gnu-toolchain/bin/../lib/gcc/arm-none-eabi/4.8.3/armv6-m\libgcc.a(_aeabi_uldivmod.o) (__gnu_uldivmod_helper)
c:/program files (x86)/atmel/atmel toolchain/arm gcc/native/4.8.1426/arm-gnu-toolchain/bin/../lib/gcc/arm-none-eabi/4.8.3/armv6-m\libgcc.a(_divdi3.o)
                              c:/program files (x86)/atmel/atmel toolchain/arm gcc/native/4.8.1426/arm-gnu-toolchain/bin/../lib/gcc/arm-none-eabi/4.8.3/armv6-m\libgcc.a(bpabi.o) (__divdi3)
c:/program files (x86)/atmel/atmel toolchain/arm gcc/native/4.8.1426/arm-gnu-toolchain/bin/../lib/gcc/arm-none-eabi/4.8.3/armv6-m\libgcc.a(_udivdi3.o)
                              c:/program files (x86)/atmel/atmel toolchain/arm gcc/native/4.8.1426/arm-gnu-toolchain/bin/../lib/gcc/arm-none-eabi/4.8.3/armv6-m\libgcc.a(bpabi.o) (__udivdi3)
c:/program files (x86)/atmel/atmel toolchain/arm gcc/native/4.8.1426/arm-gnu-toolchain/bin/../lib/gcc/arm-none-eabi/4.8.3/armv6-m\libgcc.a(_clzsi2.o)
                              c:/program files (x86)/atmel/atmel toolchain/arm gcc/native/4.8.1426/arm-gnu-toolchain/bin/../lib/gcc/arm-none-eabi/4.8.3/armv6-m\libgcc.a(_divdi3.o) (__clzsi2)
c:/program files (x86)/atmel/atmel toolchain/arm gcc/native/4.8.1426/arm-gnu-toolchain/bin/../lib/gcc/arm-none-eabi/4.8.3/../../../../arm-none-eabi/lib/armv6-m\libc.a(lib_a-atexit.o)
                              c:/program files (x86)/atmel/atmel toolchain/arm gcc/native/4.8.1426/arm-gnu-toolchain/bin/../lib/gcc/arm-none-eabi/4.8.3/../../../../arm-none-eabi/lib/armv6-m/crt0.o (atexit)
c:/program files (x86)/atmel/atmel toolchain/arm gcc/native/4.8.1426/arm-gnu-toolchain/bin/../lib/gcc/arm-none-eabi/4.8.3/../../../../arm-none-eabi/lib/armv6-m\libc.a(lib_a-exit.o)
                              c:/program files (x86)/atmel/atmel toolchain/arm gcc/native/4.8.1426/arm-gnu-toolchain/bin/../lib/gcc/arm-none-eabi/4.8.3/../../../../arm-none-eabi/lib/armv6-m/crt0.o (exit)
c:/program files (x86)/atmel/atmel toolchain/arm gcc/native/4.8.1426/arm-gnu-toolchain/bin/../lib/gcc/arm-none-eabi/4.8.3/../../../../arm-none-eabi/lib/armv6-m\libc.a(lib_a-fini.o)
                              c:/program files (x86)/atmel/atmel toolchain/arm gcc/native/4.8.1426/arm-gnu-toolchain/bin/../lib/gcc/arm-none-eabi/4.8.3/../../../../arm-none-eabi/lib/armv6-m/crt0.o (__libc_fini_array)
c:/program files (x86)/atmel/atmel toolchain/arm gcc/native/4.8.1426/arm-gnu-toolchain/bin/../lib/gcc/arm-none-eabi/4.8.3/../../../../arm-none-eabi/lib/armv6-m\libc.a(lib_a-impure.o)
                              c:/program files (x86)/atmel/atmel toolchain/arm gcc/native/4.8.1426/arm-gnu-toolchain/bin/../lib/gcc/arm-none-eabi/4.8.3/../../../../arm-none-eabi/lib/armv6-m\libc.a(lib_a-exit.o) (_global_impure_ptr)
c:/program files (x86)/atmel/atmel toolchain/arm gcc/native/4.8.1426/arm-gnu-toolchain/bin/../lib/gcc/arm-none-eabi/4.8.3/../../../../arm-none-eabi/lib/armv6-m\libc.a(lib_a-init.o)
                              c:/program files (x86)/atmel/atmel toolchain/arm gcc/native/4.8.1426/arm-gnu-toolchain/bin/../lib/gcc/arm-none-eabi/4.8.3/../../../../arm-none-eabi/lib/armv6-m/crt0.o (__libc_init_array)
c:/program files (x86)/atmel/atmel toolchain/arm gcc/native/4.8.1426/arm-gnu-toolchain/bin/../lib/gcc/arm-none-eabi/4.8.3/../../../../arm-none-eabi/lib/armv6-m\libc.a(lib_a-memcpy-stub.o)
                              src/ASF/sam0/drivers/adc/adc.o (memcpy)
c:/program files (x86)/atmel/atmel toolchain/arm gcc/native/4.8.1426/arm-gnu-toolchain/bin/../lib/gcc/arm-none-eabi/4.8.3/../../../../arm-none-eabi/lib/armv6-m\libc.a(lib_a-memset.o)
[...]
Memory Configuration

Name             Origin             Length             Attributes
rom              0x00000000         0x00040000         xr
ram              0x20000000         0x00008000         xrw
*default*        0x00000000         0xffffffff

Linker script and memory map

LOAD c:/program files (x86)/atmel/atmel toolchain/arm gcc/native/4.8.1426/arm-gnu-toolchain/bin/../lib/gcc/arm-none-eabi/4.8.3/armv6-m/crti.o
LOAD c:/program files (x86)/atmel/atmel toolchain/arm gcc/native/4.8.1426/arm-gnu-toolchain/bin/../lib/gcc/arm-none-eabi/4.8.3/armv6-m/crtbegin.o
LOAD c:/program files (x86)/atmel/atmel toolchain/arm gcc/native/4.8.1426/arm-gnu-toolchain/bin/../lib/gcc/arm-none-eabi/4.8.3/../../../../arm-none-eabi/lib/armv6-m/crt0.o
LOAD src/ASF/common2/services/delay/sam0/systick_counter.o
LOAD src/ASF/sam0/drivers/adc/adc.o
LOAD src/ASF/sam0/drivers/sercom/sercom.o
LOAD src/ASF/sam0/drivers/tc/tc.o
LOAD src/ASF/sam0/drivers/tc/tc_interrupt.o
LOAD src/ASF/sam0/drivers/sercom/usart/usart.o
LOAD src/ASF/sam0/drivers/sercom/usart/usart_interrupt.o
LOAD src/ASF/sam0/drivers/sercom/sercom_interrupt.o
LOAD src/ASF/sam0/drivers/adc/adc_callback.o
LOAD src/ASF/common/utils/interrupt/interrupt_sam_nvic.o
LOAD src/ASF/sam0/boards/samd20_xplained_pro/board_init.o
LOAD src/ASF/sam0/drivers/port/port.o
LOAD src/ASF/sam0/drivers/system/clock/clock_samd20/clock.o
LOAD src/ASF/sam0/drivers/system/clock/clock_samd20/gclk.o
LOAD src/ASF/sam0/drivers/system/interrupt/system_interrupt.o
LOAD src/ASF/sam0/drivers/system/pinmux/pinmux.o
LOAD src/ASF/sam0/drivers/system/system.o
LOAD src/ASF/sam0/utils/cmsis/samd20/source/gcc/startup_samd20.o
LOAD src/ASF/sam0/utils/cmsis/samd20/source/system_samd20.o
LOAD src/ASF/sam0/utils/syscalls/gcc/syscalls.o
LOAD src/main.o
START GROUP
LOAD ../src/ASF/thirdparty/CMSIS/Lib/GCC\libarm_cortexM0l_math.a
LOAD c:/program files (x86)/atmel/atmel toolchain/arm gcc/native/4.8.1426/arm-gnu-toolchain/bin/../lib/gcc/arm-none-eabi/4.8.3/../../../../arm-none-eabi/lib/armv6-m\libm.a
END GROUP
START GROUP
LOAD c:/program files (x86)/atmel/atmel toolchain/arm gcc/native/4.8.1426/arm-gnu-toolchain/bin/../lib/gcc/arm-none-eabi/4.8.3/armv6-m\libgcc.a
LOAD c:/program files (x86)/atmel/atmel toolchain/arm gcc/native/4.8.1426/arm-gnu-toolchain/bin/../lib/gcc/arm-none-eabi/4.8.3/../../../../arm-none-eabi/lib/armv6-m\libc.a
END GROUP
LOAD c:/program files (x86)/atmel/atmel toolchain/arm gcc/native/4.8.1426/arm-gnu-toolchain/bin/../lib/gcc/arm-none-eabi/4.8.3/armv6-m/crtend.o
LOAD c:/program files (x86)/atmel/atmel toolchain/arm gcc/native/4.8.1426/arm-gnu-toolchain/bin/../lib/gcc/arm-none-eabi/4.8.3/armv6-m/crtn.o
                0x00002000                __stack_size__ = DEFINED (__stack_size__)?__stack_size__:0x2000
                0x20007ffc                __ram_end__ = ((ORIGIN (ram) + 0x8000) - 0x4)

.text           0x00000000     0x7cd4
                0x00000000                . = ALIGN (0x4)
                0x00000000                _sfixed = .
 *(.vectors .vectors.*)
 .vectors       0x00000000       0xa4 src/ASF/sam0/utils/cmsis/samd20/source/gcc/startup_samd20.o
                0x00000000                exception_table
 *(.text .text.* .gnu.linkonce.t.*)
 .text          0x000000a4       0xbc c:/program files (x86)/atmel/atmel toolchain/arm gcc/native/4.8.1426/arm-gnu-toolchain/bin/../lib/gcc/arm-none-eabi/4.8.3/armv6-m/crtbegin.o
 .text.adc_init
                0x00000160      0x43c src/ASF/sam0/drivers/adc/adc.o
                0x00000160                adc_init
 .text._sercom_get_sync_baud_val
                0x0000059c       0x2c src/ASF/sam0/drivers/sercom/sercom.o
                0x0000059c                _sercom_get_sync_baud_val
 .text._sercom_get_async_baud_val
                0x000005c8       0xb8 src/ASF/sam0/drivers/sercom/sercom.o
                0x000005c8                _sercom_get_async_baud_val
 .text.sercom_set_gclk_generator
                0x00000680       0x50 src/ASF/sam0/drivers/sercom/sercom.o
                0x00000680                sercom_set_gclk_generator
 .text._sercom_get_default_pad
                0x000006d0      0x188 src/ASF/sam0/drivers/sercom/sercom.o
                0x000006d0                _sercom_get_default_pad
 .text._tc_interrupt_handler
                0x00000858       0x5c src/ASF/sam0/drivers/tc/tc_interrupt.o
                0x00000858                _tc_interrupt_handler
 .text.TC0_Handler
                0x000008b4       0x10 src/ASF/sam0/drivers/tc/tc_interrupt.o
                0x000008b4                TC0_Handler
 .text.TC1_Handler
                0x000008c4       0x10 src/ASF/sam0/drivers/tc/tc_interrupt.o
                0x000008c4                TC1_Handler
 .text.TC2_Handler
                0x000008d4       0x10 src/ASF/sam0/drivers/tc/tc_interrupt.o
                0x000008d4                TC2_Handler
 .text.TC3_Handler
                0x000008e4       0x10 src/ASF/sam0/drivers/tc/tc_interrupt.o
                0x000008e4                TC3_Handler
 .text.TC4_Handler
                0x000008f4       0x10 src/ASF/sam0/drivers/tc/tc_interrupt.o
                0x000008f4                TC4_Handler
 .text.TC5_Handler
                0x00000904       0x10 src/ASF/sam0/drivers/tc/tc_interrupt.o
                0x00000904                TC5_Handler
 .text.TC6_Handler
                0x00000914       0x10 src/ASF/sam0/drivers/tc/tc_interrupt.o
                0x00000914                TC6_Handler
 .text.TC7_Handler
                0x00000924       0x10 src/ASF/sam0/drivers/tc/tc_interrupt.o
                0x00000924                TC7_Handler
 .text.usart_init
                0x00000934      0x238 src/ASF/sam0/drivers/sercom/usart/usart.o
                0x00000934                usart_init
 .text.usart_register_callback
                0x00000b6c       0x18 src/ASF/sam0/drivers/sercom/usart/usart_interrupt.o
                0x00000b6c                usart_register_callback
 .text.usart_write_buffer_job
                0x00000b84       0x30 src/ASF/sam0/drivers/sercom/usart/usart_interrupt.o
                0x00000b84                usart_write_buffer_job
 .text._usart_interrupt_handler
                0x00000bb4      0x138 src/ASF/sam0/drivers/sercom/usart/usart_interrupt.o
                0x00000bb4                _usart_interrupt_handler
 .text._sercom_default_handler
                0x00000cec        0x4 src/ASF/sam0/drivers/sercom/sercom_interrupt.o
 .text._sercom_get_sercom_inst_index
                0x00000cf0       0x3c src/ASF/sam0/drivers/sercom/sercom_interrupt.o
                0x00000cf0                _sercom_get_sercom_inst_index
 .text._sercom_set_handler
                0x00000d2c       0x3c src/ASF/sam0/drivers/sercom/sercom_interrupt.o
                0x00000d2c                _sercom_set_handler
 .text._sercom_get_interrupt_vector
                0x00000d68       0x2c src/ASF/sam0/drivers/sercom/sercom_interrupt.o
                0x00000d68                _sercom_get_interrupt_vector
 .text.SERCOM0_Handler
                0x00000d94       0x10 src/ASF/sam0/drivers/sercom/sercom_interrupt.o
                0x00000d94                SERCOM0_Handler
 .text.SERCOM1_Handler
                0x00000da4       0x10 src/ASF/sam0/drivers/sercom/sercom_interrupt.o
                0x00000da4                SERCOM1_Handler
 .text.SERCOM2_Handler
                0x00000db4       0x10 src/ASF/sam0/drivers/sercom/sercom_interrupt.o
                0x00000db4                SERCOM2_Handler
 .text.SERCOM3_Handler
                0x00000dc4       0x10 src/ASF/sam0/drivers/sercom/sercom_interrupt.o
                0x00000dc4                SERCOM3_Handler
 .text.SERCOM4_Handler
                0x00000dd4       0x10 src/ASF/sam0/drivers/sercom/sercom_interrupt.o
                0x00000dd4                SERCOM4_Handler
 .text.SERCOM5_Handler
                0x00000de4       0x10 src/ASF/sam0/drivers/sercom/sercom_interrupt.o
                0x00000de4                SERCOM5_Handler
 .text.ADC_Handler
                0x00000df4       0xac src/ASF/sam0/drivers/adc/adc_callback.o
                0x00000df4                ADC_Handler
 .text.cpu_irq_enter_critical
                0x00000ea0       0x40 src/ASF/common/utils/interrupt/interrupt_sam_nvic.o
                0x00000ea0                cpu_irq_enter_critical
 .text.cpu_irq_leave_critical
                0x00000ee0       0x30 src/ASF/common/utils/interrupt/interrupt_sam_nvic.o
                0x00000ee0                cpu_irq_leave_critical
 .text.system_board_init
                0x00000f10       0x38 src/ASF/sam0/boards/samd20_xplained_pro/board_init.o
                0x00000f10                board_init
                0x00000f10                system_board_init
 .text.port_pin_set_config
                0x00000f48       0x24 src/ASF/sam0/drivers/port/port.o
                0x00000f48                port_pin_set_config
 .text.system_clock_source_get_hz
                0x00000f6c       0x80 src/ASF/sam0/drivers/system/clock/clock_samd20/clock.o
                0x00000f6c                system_clock_source_get_hz
 .text.system_clock_source_osc8m_set_config
                0x00000fec       0x3c src/ASF/sam0/drivers/system/clock/clock_samd20/clock.o
                0x00000fec                system_clock_source_osc8m_set_config
 .text.system_clock_source_enable
                0x00001028       0x94 src/ASF/sam0/drivers/system/clock/clock_samd20/clock.o
                0x00001028                system_clock_source_enable
 .text.system_clock_init
                0x000010bc       0x7c src/ASF/sam0/drivers/system/clock/clock_samd20/clock.o
                0x000010bc                system_clock_init
 .text.system_gclk_init
                0x00001138       0x24 src/ASF/sam0/drivers/system/clock/clock_samd20/gclk.o
                0x00001138                system_gclk_init
 .text.system_gclk_gen_set_config
                0x0000115c       0xb0 src/ASF/sam0/drivers/system/clock/clock_samd20/gclk.o
                0x0000115c                system_gclk_gen_set_config
 .text.system_gclk_gen_enable
                0x0000120c       0x40 src/ASF/sam0/drivers/system/clock/clock_samd20/gclk.o
                0x0000120c                system_gclk_gen_enable
 .text.system_gclk_gen_get_hz
                0x0000124c       0x84 src/ASF/sam0/drivers/system/clock/clock_samd20/gclk.o
                0x0000124c                system_gclk_gen_get_hz
 .text.system_gclk_chan_enable
                0x000012d0       0x30 src/ASF/sam0/drivers/system/clock/clock_samd20/gclk.o
                0x000012d0                system_gclk_chan_enable
 .text.system_gclk_chan_disable
                0x00001300       0x60 src/ASF/sam0/drivers/system/clock/clock_samd20/gclk.o
                0x00001300                system_gclk_chan_disable
 .text.system_gclk_chan_set_config
                0x00001360       0x1c src/ASF/sam0/drivers/system/clock/clock_samd20/gclk.o
                0x00001360                system_gclk_chan_set_config
 .text.system_gclk_chan_get_hz
                0x0000137c       0x34 src/ASF/sam0/drivers/system/clock/clock_samd20/gclk.o
                0x0000137c                system_gclk_chan_get_hz
 .text._system_pinmux_config
                0x000013b0       0x8c src/ASF/sam0/drivers/system/pinmux/pinmux.o
 .text.system_pinmux_pin_set_config
                0x0000143c       0x2c src/ASF/sam0/drivers/system/pinmux/pinmux.o
                0x0000143c                system_pinmux_pin_set_config
 .text._system_dummy_init
                0x00001468        0x4 src/ASF/sam0/drivers/system/system.o
                0x00001468                _system_events_init
                0x00001468                _system_dummy_init
                0x00001468                _system_extint_init
 .text.HardFault_Handler
                0x0000146c        0x4 src/ASF/sam0/drivers/system/system.o
                0x0000146c                HardFault_Handler
 .text.system_init
                0x00001470       0x24 src/ASF/sam0/drivers/system/system.o
                0x00001470                system_init
 .text.Dummy_Handler
                0x00001494        0x4 src/ASF/sam0/utils/cmsis/samd20/source/gcc/startup_samd20.o
                0x00001494                AC_Handler
                0x00001494                PendSV_Handler
                0x00001494                NMI_Handler
                0x00001494                RTC_Handler
                0x00001494                EIC_Handler
                0x00001494                WDT_Handler
                0x00001494                Dummy_Handler
                0x00001494                PM_Handler
                0x00001494                SVC_Handler
                0x00001494                EVSYS_Handler
                0x00001494                NVMCTRL_Handler
                0x00001494                DAC_Handler
                0x00001494                PTC_Handler
                0x00001494                SYSCTRL_Handler
 .text.Reset_Handler
                0x00001498       0x90 src/ASF/sam0/utils/cmsis/samd20/source/gcc/startup_samd20.o
                0x00001498                Reset_Handler
 .text._sbrk    0x00001528       0x24 src/ASF/sam0/utils/syscalls/gcc/syscalls.o
                0x00001528                _sbrk
 .text.usart_write_callback
                0x0000154c       0x10 src/main.o
                0x0000154c                usart_write_callback
 .text.usart_read_callback
                0x0000155c       0x1c src/main.o
                0x0000155c                usart_read_callback
 .text.enable_tc_clocks
                0x00001578       0x34 src/main.o
                0x00001578                enable_tc_clocks
 .text.configure_adc
                0x000015ac       0xa4 src/main.o
                0x000015ac                configure_adc
 .text.configure_usart
                0x00001650       0xa0 src/main.o
                0x00001650                configure_usart
 .text.configure_usart_callbacks
                0x000016f0       0x34 src/main.o
                0x000016f0                configure_usart_callbacks
 .text.main     0x00001724      0x128 src/main.o
                0x00001724                main
 .text.SysTick_Handler
                0x0000184c       0x10 src/main.o
                0x0000184c                SysTick_Handler
 .text          0x0000185c       0x9c c:/program files (x86)/atmel/atmel toolchain/arm gcc/native/4.8.1426/arm-gnu-toolchain/bin/../lib/gcc/arm-none-eabi/4.8.3/armv6-m\libgcc.a(_udivsi3.o)
                0x0000185c                __aeabi_uidiv
                0x0000185c                __udivsi3
                0x000018e4                __aeabi_uidivmod
 .text          0x000018f8        0x4 c:/program files (x86)/atmel/atmel toolchain/arm gcc/native/4.8.1426/arm-gnu-toolchain/bin/../lib/gcc/arm-none-eabi/4.8.3/armv6-m\libgcc.a(_dvmd_tls.o)
                0x000018f8                __aeabi_idiv0
                0x000018f8                __aeabi_ldiv0
 .text          0x000018fc       0x40 c:/program files (x86)/atmel/atmel toolchain/arm gcc/native/4.8.1426/arm-gnu-toolchain/bin/../lib/gcc/arm-none-eabi/4.8.3/armv6-m\libgcc.a(_aeabi_uldivmod.o)
                0x000018fc                __aeabi_uldivmod
 .text          0x0000193c       0x44 c:/program files (x86)/atmel/atmel toolchain/arm gcc/native/4.8.1426/arm-gnu-toolchain/bin/../lib/gcc/arm-none-eabi/4.8.3/armv6-m\libgcc.a(_muldi3.o)
                0x0000193c                __muldi3
                0x0000193c                __aeabi_lmul
 .text          0x00001980       0x6c c:/program files (x86)/atmel/atmel toolchain/arm gcc/native/4.8.1426/arm-gnu-toolchain/bin/../lib/gcc/arm-none-eabi/4.8.3/armv6-m\libgcc.a(bpabi.o)
                0x00001980                __gnu_ldivmod_helper
                0x000019b8                __gnu_uldivmod_helper
 .text          0x000019ec      0x3b0 c:/program files (x86)/atmel/atmel toolchain/arm gcc/native/4.8.1426/arm-gnu-toolchain/bin/../lib/gcc/arm-none-eabi/4.8.3/armv6-m\libgcc.a(_divdi3.o)
                0x000019ec                __divdi3
 .text          0x00001d9c      0x380 c:/program files (x86)/atmel/atmel toolchain/arm gcc/native/4.8.1426/arm-gnu-toolchain/bin/../lib/gcc/arm-none-eabi/4.8.3/armv6-m\libgcc.a(_udivdi3.o)
                0x00001d9c                __udivdi3
 .text          0x0000211c       0x3c c:/program files (x86)/atmel/atmel toolchain/arm gcc/native/4.8.1426/arm-gnu-toolchain/bin/../lib/gcc/arm-none-eabi/4.8.3/armv6-m\libgcc.a(_clzsi2.o)
                0x0000211c                __clzsi2
 .text          0x00002158       0x10 c:/program files (x86)/atmel/atmel toolchain/arm gcc/native/4.8.1426/arm-gnu-toolchain/bin/../lib/gcc/arm-none-eabi/4.8.3/../../../../arm-none-eabi/lib/armv6-m\libc.a(lib_a-atexit.o)
                0x00002158                atexit
 .text          0x00002168       0x28 c:/program files (x86)/atmel/atmel toolchain/arm gcc/native/4.8.1426/arm-gnu-toolchain/bin/../lib/gcc/arm-none-eabi/4.8.3/../../../../arm-none-eabi/lib/armv6-m\libc.a(lib_a-fini.o)
                0x00002168                __libc_fini_array
 .text          0x00002190       0x4c c:/program files (x86)/atmel/atmel toolchain/arm gcc/native/4.8.1426/arm-gnu-toolchain/bin/../lib/gcc/arm-none-eabi/4.8.3/../../../../arm-none-eabi/lib/armv6-m\libc.a(lib_a-init.o)
                0x00002190                __libc_init_array
 .text          0x000021dc       0x12 c:/program files (x86)/atmel/atmel toolchain/arm gcc/native/4.8.1426/arm-gnu-toolchain/bin/../lib/gcc/arm-none-eabi/4.8.3/../../../../arm-none-eabi/lib/armv6-m\libc.a(lib_a-memcpy-stub.o)
                0x000021dc                memcpy
 .text          0x000021ee       0x10 c:/program files (x86)/atmel/atmel toolchain/arm gcc/native/4.8.1426/arm-gnu-toolchain/bin/../lib/gcc/arm-none-eabi/4.8.3/../../../../arm-none-eabi/lib/armv6-m\libc.a(lib_a-memset.o)
                0x000021ee                memset
 *fill*         0x000021fe        0x2 
 .text          0x00002200       0x84 c:/program files (x86)/atmel/atmel toolchain/arm gcc/native/4.8.1426/arm-gnu-toolchain/bin/../lib/gcc/arm-none-eabi/4.8.3/../../../../arm-none-eabi/lib/armv6-m\libc.a(lib_a-sprintf.o)
                0x00002200                _sprintf_r
                0x00002240                sprintf
 *fill*         0x00002284        0x4 
 .text          0x00002288      0xf60 c:/program files (x86)/atmel/atmel toolchain/arm gcc/native/4.8.1426/arm-gnu-toolchain/bin/../lib/gcc/arm-none-eabi/4.8.3/../../../../arm-none-eabi/lib/armv6-m\libc.a(lib_a-svfprintf.o)
                0x00002288                _svfprintf_r
 .text          0x000031e8       0x9c c:/program files (x86)/atmel/atmel toolchain/arm gcc/native/4.8.1426/arm-gnu-toolchain/bin/../lib/gcc/arm-none-eabi/4.8.3/../../../../arm-none-eabi/lib/armv6-m\libc.a(lib_a-__atexit.o)
                0x000031e8                __register_exitproc
 .text.startup  0x00003284       0x18 c:/program files (x86)/atmel/atmel toolchain/arm gcc/native/4.8.1426/arm-gnu-toolchain/bin/../lib/gcc/arm-none-eabi/4.8.3/../../../../arm-none-eabi/lib/armv6-m\libc.a(lib_a-__call_atexit.o)
 *fill*         0x0000329c        0x4 
 .text          0x000032a0      0xcb0 c:/program files (x86)/atmel/atmel toolchain/arm gcc/native/4.8.1426/arm-gnu-toolchain/bin/../lib/gcc/arm-none-eabi/4.8.3/../../../../arm-none-eabi/lib/armv6-m\libc.a(lib_a-dtoa.o)
                0x000033b8                _dtoa_r
 .text          0x00003f50      0x21c c:/program files (x86)/atmel/atmel toolchain/arm gcc/native/4.8.1426/arm-gnu-toolchain/bin/../lib/gcc/arm-none-eabi/4.8.3/../../../../arm-none-eabi/lib/armv6-m\libc.a(lib_a-freer.o)
                0x00003f50                _malloc_trim_r
                0x00003ff0                _free_r
 .text          0x0000416c       0x98 c:/program files (x86)/atmel/atmel toolchain/arm gcc/native/4.8.1426/arm-gnu-toolchain/bin/../lib/gcc/arm-none-eabi/4.8.3/../../../../arm-none-eabi/lib/armv6-m\libc.a(lib_a-locale.o)
                0x0000416c                _setlocale_r
                0x000041b0                __locale_charset
                0x000041b8                __locale_mb_cur_max
                0x000041c4                __locale_msgcharset
                0x000041d0                __locale_cjk_lang
                0x000041d4                _localeconv_r
                0x000041e0                setlocale
                0x000041f8                localeconv
 .text          0x00004204      0x3f0 c:/program files (x86)/atmel/atmel toolchain/arm gcc/native/4.8.1426/arm-gnu-toolchain/bin/../lib/gcc/arm-none-eabi/4.8.3/../../../../arm-none-eabi/lib/armv6-m\libc.a(lib_a-mallocr.o)
                0x00004204                _malloc_r
 .text          0x000045f4       0x16 c:/program files (x86)/atmel/atmel toolchain/arm gcc/native/4.8.1426/arm-gnu-toolchain/bin/../lib/gcc/arm-none-eabi/4.8.3/../../../../arm-none-eabi/lib/armv6-m\libc.a(lib_a-memchr-stub.o)
                0x000045f4                memchr
 .text          0x0000460a        0x4 c:/program files (x86)/atmel/atmel toolchain/arm gcc/native/4.8.1426/arm-gnu-toolchain/bin/../lib/gcc/arm-none-eabi/4.8.3/../../../../arm-none-eabi/lib/armv6-m\libc.a(lib_a-mlock.o)
                0x0000460a                __malloc_lock
                0x0000460c                __malloc_unlock
 *fill*         0x0000460e        0x2 
 .text          0x00004610      0x7d8 c:/program files (x86)/atmel/atmel toolchain/arm gcc/native/4.8.1426/arm-gnu-toolchain/bin/../lib/gcc/arm-none-eabi/4.8.3/../../../../arm-none-eabi/lib/armv6-m\libc.a(lib_a-mprec.o)
                0x00004610                _Balloc
                0x00004660                _Bfree
                0x00004674                __multadd
                0x000046f0                __s2b
                0x00004770                __hi0bits
                0x000047a8                __lo0bits
                0x00004802                __i2b
                0x00004814                __multiply
                0x00004932                __pow5mult
                0x000049b4                __lshift
                0x00004a58                __mcmp
                0x00004a8e                __mdiff
                0x00004b5a                __ulp
                0x00004b9c                __b2d
                0x00004c40                __d2b
                0x00004cf0                __ratio
                0x00004d38                _mprec_log10
                0x00004d74                __copybits
                0x00004da0                __any_on
 .text          0x00004de8       0x54 c:/program files (x86)/atmel/atmel toolchain/arm gcc/native/4.8.1426/arm-gnu-toolchain/bin/../lib/gcc/arm-none-eabi/4.8.3/../../../../arm-none-eabi/lib/armv6-m\libc.a(lib_a-s_fpclassify.o)
                0x00004de8                __fpclassifyd
 .text          0x00004e3c       0x24 c:/program files (x86)/atmel/atmel toolchain/arm gcc/native/4.8.1426/arm-gnu-toolchain/bin/../lib/gcc/arm-none-eabi/4.8.3/../../../../arm-none-eabi/lib/armv6-m\libc.a(lib_a-sbrkr.o)
                0x00004e3c                _sbrk_r
 .text          0x00004e60       0x14 c:/program files (x86)/atmel/atmel toolchain/arm gcc/native/4.8.1426/arm-gnu-toolchain/bin/../lib/gcc/arm-none-eabi/4.8.3/../../../../arm-none-eabi/lib/armv6-m\libc.a(lib_a-strcmp.o)
                0x00004e60                strcmp
 .text          0x00004e74        0xe c:/program files (x86)/atmel/atmel toolchain/arm gcc/native/4.8.1426/arm-gnu-toolchain/bin/../lib/gcc/arm-none-eabi/4.8.3/../../../../arm-none-eabi/lib/armv6-m\libc.a(lib_a-strlen.o)
                0x00004e74                strlen
 *fill*         0x00004e82        0x2 
 .text          0x00004e84      0x8ec c:/program files (x86)/atmel/atmel toolchain/arm gcc/native/4.8.1426/arm-gnu-toolchain/bin/../lib/gcc/arm-none-eabi/4.8.3/../../../../arm-none-eabi/lib/armv6-m\libc.a(lib_a-svfiprintf.o)
                0x00004e84                __ssprint_r
                0x00004f98                _svfiprintf_r
 .text          0x00005770       0x58 c:/program files (x86)/atmel/atmel toolchain/arm gcc/native/4.8.1426/arm-gnu-toolchain/bin/../lib/gcc/arm-none-eabi/4.8.3/../../../../arm-none-eabi/lib/armv6-m\libc.a(lib_a-callocr.o)
                0x00005770                _calloc_r
 .text          0x000057c8       0x32 c:/program files (x86)/atmel/atmel toolchain/arm gcc/native/4.8.1426/arm-gnu-toolchain/bin/../lib/gcc/arm-none-eabi/4.8.3/../../../../arm-none-eabi/lib/armv6-m\libc.a(lib_a-memmove.o)
                0x000057c8                memmove
 *fill*         0x000057fa        0x2 
 .text          0x000057fc      0x348 c:/program files (x86)/atmel/atmel toolchain/arm gcc/native/4.8.1426/arm-gnu-toolchain/bin/../lib/gcc/arm-none-eabi/4.8.3/../../../../arm-none-eabi/lib/armv6-m\libc.a(lib_a-reallocr.o)
                0x000057fc                _realloc_r
 .text          0x00005b44       0x14 c:/program files (x86)/atmel/atmel toolchain/arm gcc/native/4.8.1426/arm-gnu-toolchain/bin/../lib/gcc/arm-none-eabi/4.8.3/armv6-m\libgcc.a(_thumb1_case_uqi.o)
                0x00005b44                __gnu_thumb1_case_uqi
 .text          0x00005b58       0x14 c:/program files (x86)/atmel/atmel toolchain/arm gcc/native/4.8.1426/arm-gnu-toolchain/bin/../lib/gcc/arm-none-eabi/4.8.3/armv6-m\libgcc.a(_thumb1_case_uhi.o)
                0x00005b58                __gnu_thumb1_case_uhi
 .text          0x00005b6c       0xc0 c:/program files (x86)/atmel/atmel toolchain/arm gcc/native/4.8.1426/arm-gnu-toolchain/bin/../lib/gcc/arm-none-eabi/4.8.3/armv6-m\libgcc.a(_divsi3.o)
                0x00005b6c                __divsi3
                0x00005b6c                __aeabi_idiv
                0x00005c18                __aeabi_idivmod
 .text          0x00005c2c       0x7c c:/program files (x86)/atmel/atmel toolchain/arm gcc/native/4.8.1426/arm-gnu-toolchain/bin/../lib/gcc/arm-none-eabi/4.8.3/armv6-m\libgcc.a(_arm_cmpdf2.o)
                0x00005c2c                __aeabi_cdrcmple
                0x00005c3c                __aeabi_cdcmple
                0x00005c3c                __aeabi_cdcmpeq
                0x00005c4c                __aeabi_dcmpeq
                0x00005c58                __aeabi_dcmplt
                0x00005c6c                __aeabi_dcmple
                0x00005c80                __aeabi_dcmpgt
                0x00005c94                __aeabi_dcmpge
 .text          0x00005ca8      0x648 c:/program files (x86)/atmel/atmel toolchain/arm gcc/native/4.8.1426/arm-gnu-toolchain/bin/../lib/gcc/arm-none-eabi/4.8.3/armv6-m\libgcc.a(adddf3.o)
                0x00005ca8                __aeabi_dadd
 .text          0x000062f0      0x650 c:/program files (x86)/atmel/atmel toolchain/arm gcc/native/4.8.1426/arm-gnu-toolchain/bin/../lib/gcc/arm-none-eabi/4.8.3/armv6-m\libgcc.a(divdf3.o)
                0x000062f0                __aeabi_ddiv
 .text          0x00006940       0x94 c:/program files (x86)/atmel/atmel toolchain/arm gcc/native/4.8.1426/arm-gnu-toolchain/bin/../lib/gcc/arm-none-eabi/4.8.3/armv6-m\libgcc.a(eqdf2.o)
                0x00006940                __nedf2
                0x00006940                __eqdf2
 .text          0x000069d4       0xf4 c:/program files (x86)/atmel/atmel toolchain/arm gcc/native/4.8.1426/arm-gnu-toolchain/bin/../lib/gcc/arm-none-eabi/4.8.3/armv6-m\libgcc.a(gedf2.o)
                0x000069d4                __gedf2
                0x000069d4                __gtdf2
 .text          0x00006ac8      0x108 c:/program files (x86)/atmel/atmel toolchain/arm gcc/native/4.8.1426/arm-gnu-toolchain/bin/../lib/gcc/arm-none-eabi/4.8.3/armv6-m\libgcc.a(ledf2.o)
                0x00006ac8                __ledf2
                0x00006ac8                __ltdf2
 .text          0x00006bd0      0x524 c:/program files (x86)/atmel/atmel toolchain/arm gcc/native/4.8.1426/arm-gnu-toolchain/bin/../lib/gcc/arm-none-eabi/4.8.3/armv6-m\libgcc.a(muldf3.o)
                0x00006bd0                __aeabi_dmul
 .text          0x000070f4      0x66c c:/program files (x86)/atmel/atmel toolchain/arm gcc/native/4.8.1426/arm-gnu-toolchain/bin/../lib/gcc/arm-none-eabi/4.8.3/armv6-m\libgcc.a(subdf3.o)
                0x000070f4                __aeabi_dsub
 .text          0x00007760       0x68 c:/program files (x86)/atmel/atmel toolchain/arm gcc/native/4.8.1426/arm-gnu-toolchain/bin/../lib/gcc/arm-none-eabi/4.8.3/armv6-m\libgcc.a(fixdfsi.o)
                0x00007760                __aeabi_d2iz
 .text          0x000077c8       0x7c c:/program files (x86)/atmel/atmel toolchain/arm gcc/native/4.8.1426/arm-gnu-toolchain/bin/../lib/gcc/arm-none-eabi/4.8.3/armv6-m\libgcc.a(floatsidf.o)
                0x000077c8                __aeabi_i2d
 .text          0x00007844       0x68 c:/program files (x86)/atmel/atmel toolchain/arm gcc/native/4.8.1426/arm-gnu-toolchain/bin/../lib/gcc/arm-none-eabi/4.8.3/armv6-m\libgcc.a(floatunsidf.o)
                0x00007844                __aeabi_ui2d
 *(.glue_7t)
 .glue_7t       0x00000000        0x0 linker stubs
 *(.glue_7)
 .glue_7        0x00000000        0x0 linker stubs
 *(.rodata .rodata* .gnu.linkonce.r.*)
 .rodata.adc_init
                0x000078ac       0xd4 src/ASF/sam0/drivers/adc/adc.o
 .rodata        0x00007980       0x50 src/ASF/sam0/drivers/adc/adc.o
 .rodata        0x000079d0       0x20 src/ASF/sam0/drivers/sercom/sercom_interrupt.o
 .rodata.system_clock_source_get_hz
                0x000079f0       0x20 src/ASF/sam0/drivers/system/clock/clock_samd20/clock.o
 .rodata.system_clock_source_enable
                0x00007a10       0x20 src/ASF/sam0/drivers/system/clock/clock_samd20/clock.o
 .rodata.str1.4
                0x00007a30       0x44 src/main.o
 .rodata        0x00007a74        0x4 c:/program files (x86)/atmel/atmel toolchain/arm gcc/native/4.8.1426/arm-gnu-toolchain/bin/../lib/gcc/arm-none-eabi/4.8.3/../../../../arm-none-eabi/lib/armv6-m\libc.a(lib_a-impure.o)
                0x00007a74                _global_impure_ptr
 .rodata.str1.1
                0x00007a78        0x2 c:/program files (x86)/atmel/atmel toolchain/arm gcc/native/4.8.1426/arm-gnu-toolchain/bin/../lib/gcc/arm-none-eabi/4.8.3/../../../../arm-none-eabi/lib/armv6-m\libc.a(lib_a-impure.o)
 .rodata        0x00007a7a       0x20 c:/program files (x86)/atmel/atmel toolchain/arm gcc/native/4.8.1426/arm-gnu-toolchain/bin/../lib/gcc/arm-none-eabi/4.8.3/../../../../arm-none-eabi/lib/armv6-m\libc.a(lib_a-svfprintf.o)
 .rodata.str1.1
                0x00007a9a       0x34 c:/program files (x86)/atmel/atmel toolchain/arm gcc/native/4.8.1426/arm-gnu-toolchain/bin/../lib/gcc/arm-none-eabi/4.8.3/../../../../arm-none-eabi/lib/armv6-m\libc.a(lib_a-svfprintf.o)
 .rodata.str1.1
                0x00007ace        0xd c:/program files (x86)/atmel/atmel toolchain/arm gcc/native/4.8.1426/arm-gnu-toolchain/bin/../lib/gcc/arm-none-eabi/4.8.3/../../../../arm-none-eabi/lib/armv6-m\libc.a(lib_a-dtoa.o)
                                  0xf (size before relaxing)
 .rodata.str1.1
                0x00007adb        0x8 c:/program files (x86)/atmel/atmel toolchain/arm gcc/native/4.8.1426/arm-gnu-toolchain/bin/../lib/gcc/arm-none-eabi/4.8.3/../../../../arm-none-eabi/lib/armv6-m\libc.a(lib_a-locale.o)
                                  0xb (size before relaxing)
 *fill*         0x00007ae3        0x5 
 .rodata        0x00007ae8      0x128 c:/program files (x86)/atmel/atmel toolchain/arm gcc/native/4.8.1426/arm-gnu-toolchain/bin/../lib/gcc/arm-none-eabi/4.8.3/../../../../arm-none-eabi/lib/armv6-m\libc.a(lib_a-mprec.o)
                0x00007af8                __mprec_tens
                0x00007bc0                __mprec_tinytens
                0x00007be8                __mprec_bigtens
 .rodata        0x00007c10       0x20 c:/program files (x86)/atmel/atmel toolchain/arm gcc/native/4.8.1426/arm-gnu-toolchain/bin/../lib/gcc/arm-none-eabi/4.8.3/../../../../arm-none-eabi/lib/armv6-m\libc.a(lib_a-svfiprintf.o)
 .rodata.str1.1
                0x00000000       0x22 c:/program files (x86)/atmel/atmel toolchain/arm gcc/native/4.8.1426/arm-gnu-toolchain/bin/../lib/gcc/arm-none-eabi/4.8.3/../../../../arm-none-eabi/lib/armv6-m\libc.a(lib_a-svfiprintf.o)
 .rodata        0x00007c30       0x40 c:/program files (x86)/atmel/atmel toolchain/arm gcc/native/4.8.1426/arm-gnu-toolchain/bin/../lib/gcc/arm-none-eabi/4.8.3/armv6-m\libgcc.a(divdf3.o)
 .rodata        0x00007c70       0x40 c:/program files (x86)/atmel/atmel toolchain/arm gcc/native/4.8.1426/arm-gnu-toolchain/bin/../lib/gcc/arm-none-eabi/4.8.3/armv6-m\libgcc.a(muldf3.o)
 *(.ARM.extab* .gnu.linkonce.armextab.*)
                0x00007cb0                . = ALIGN (0x4)
 *(.init)
 .init          0x00007cb0        0x4 c:/program files (x86)/atmel/atmel toolchain/arm gcc/native/4.8.1426/arm-gnu-toolchain/bin/../lib/gcc/arm-none-eabi/4.8.3/armv6-m/crti.o
                0x00007cb0                _init
 .init          0x00007cb4        0x8 c:/program files (x86)/atmel/atmel toolchain/arm gcc/native/4.8.1426/arm-gnu-toolchain/bin/../lib/gcc/arm-none-eabi/4.8.3/armv6-m/crtn.o
                0x00007cbc                . = ALIGN (0x4)
                0x00007cbc                __preinit_array_start = .
 *(.preinit_array)
                0x00007cbc                __preinit_array_end = .
                0x00007cbc                . = ALIGN (0x4)
                0x00007cbc                __init_array_start = .
 *(SORT(.init_array.*))
 .init_array.00000
                0x00007cbc        0x4 c:/program files (x86)/atmel/atmel toolchain/arm gcc/native/4.8.1426/arm-gnu-toolchain/bin/../lib/gcc/arm-none-eabi/4.8.3/../../../../arm-none-eabi/lib/armv6-m\libc.a(lib_a-__call_atexit.o)
 *(.init_array)
 .init_array    0x00007cc0        0x4 c:/program files (x86)/atmel/atmel toolchain/arm gcc/native/4.8.1426/arm-gnu-toolchain/bin/../lib/gcc/arm-none-eabi/4.8.3/armv6-m/crtbegin.o
                0x00007cc4                __init_array_end = .
                0x00007cc4                . = ALIGN (0x4)
 *crtbegin.o(.ctors)
 *(EXCLUDE_FILE(*crtend.o) .ctors)
 *(SORT(.ctors.*))
 *crtend.o(.ctors)
                0x00007cc4                . = ALIGN (0x4)
 *(.fini)
 .fini          0x00007cc4        0x4 c:/program files (x86)/atmel/atmel toolchain/arm gcc/native/4.8.1426/arm-gnu-toolchain/bin/../lib/gcc/arm-none-eabi/4.8.3/armv6-m/crti.o
                0x00007cc4                _fini
 .fini          0x00007cc8        0x8 c:/program files (x86)/atmel/atmel toolchain/arm gcc/native/4.8.1426/arm-gnu-toolchain/bin/../lib/gcc/arm-none-eabi/4.8.3/armv6-m/crtn.o
                0x00007cd0                . = ALIGN (0x4)
                0x00007cd0                __fini_array_start = .
 *(.fini_array)
 .fini_array    0x00007cd0        0x4 c:/program files (x86)/atmel/atmel toolchain/arm gcc/native/4.8.1426/arm-gnu-toolchain/bin/../lib/gcc/arm-none-eabi/4.8.3/armv6-m/crtbegin.o
 *(SORT(.fini_array.*))
                0x00007cd4                __fini_array_end = .
 *crtbegin.o(.dtors)
 *(EXCLUDE_FILE(*crtend.o) .dtors)
 *(SORT(.dtors.*))
 *crtend.o(.dtors)
                0x00007cd4                . = ALIGN (0x4)
                0x00007cd4                _efixed = .
                0x00007cd4                PROVIDE (__exidx_start, .)

.vfp11_veneer   0x00007cd4        0x0
 .vfp11_veneer  0x00000000        0x0 linker stubs

.v4_bx          0x00007cd4        0x0
 .v4_bx         0x00000000        0x0 linker stubs

.iplt           0x00007cd4        0x0
 .iplt          0x00000000        0x0 c:/program files (x86)/atmel/atmel toolchain/arm gcc/native/4.8.1426/arm-gnu-toolchain/bin/../lib/gcc/arm-none-eabi/4.8.3/armv6-m/crtbegin.o

.ARM.exidx      0x00007cd4        0x8
 *(.ARM.exidx* .gnu.linkonce.armexidx.*)
 .ARM.exidx     0x00007cd4        0x8 c:/program files (x86)/atmel/atmel toolchain/arm gcc/native/4.8.1426/arm-gnu-toolchain/bin/../lib/gcc/arm-none-eabi/4.8.3/armv6-m\libgcc.a(_divdi3.o)
 .ARM.exidx     0x00007cdc        0x0 c:/program files (x86)/atmel/atmel toolchain/arm gcc/native/4.8.1426/arm-gnu-toolchain/bin/../lib/gcc/arm-none-eabi/4.8.3/armv6-m\libgcc.a(_udivdi3.o)
                                  0x8 (size before relaxing)
                0x00007cdc                PROVIDE (__exidx_end, .)

.eh_frame       0x00007cdc        0x0
 .eh_frame      0x00007cdc        0x0 c:/program files (x86)/atmel/atmel toolchain/arm gcc/native/4.8.1426/arm-gnu-toolchain/bin/../lib/gcc/arm-none-eabi/4.8.3/armv6-m/crtbegin.o

.rel.dyn        0x00007cdc        0x0
 .rel.iplt      0x00000000        0x0 c:/program files (x86)/atmel/atmel toolchain/arm gcc/native/4.8.1426/arm-gnu-toolchain/bin/../lib/gcc/arm-none-eabi/4.8.3/armv6-m/crtbegin.o

.jcr            0x00007cdc        0x0
 .jcr           0x00007cdc        0x0 c:/program files (x86)/atmel/atmel toolchain/arm gcc/native/4.8.1426/arm-gnu-toolchain/bin/../lib/gcc/arm-none-eabi/4.8.3/armv6-m/crtbegin.o

.tm_clone_table
                0x00007cdc        0x0
 .tm_clone_table
                0x00007cdc        0x0 c:/program files (x86)/atmel/atmel toolchain/arm gcc/native/4.8.1426/arm-gnu-toolchain/bin/../lib/gcc/arm-none-eabi/4.8.3/armv6-m/crtbegin.o
 .tm_clone_table
                0x00007cdc        0x0 c:/program files (x86)/atmel/atmel toolchain/arm gcc/native/4.8.1426/arm-gnu-toolchain/bin/../lib/gcc/arm-none-eabi/4.8.3/armv6-m/crtend.o

.igot.plt       0x00007cdc        0x0
 .igot.plt      0x00000000        0x0 c:/program files (x86)/atmel/atmel toolchain/arm gcc/native/4.8.1426/arm-gnu-toolchain/bin/../lib/gcc/arm-none-eabi/4.8.3/armv6-m/crtbegin.o
                0x00007cdc                . = ALIGN (0x4)
                0x00007cdc                _etext = .

.relocate       0x20000000      0x8c4 load address 0x00007cdc
                0x20000000                . = ALIGN (0x4)
                0x20000000                _srelocate = .
 *(.ramfunc .ramfunc.*)
 *(.data .data.*)
 .data.g_interrupt_enabled
                0x20000000        0x1 src/ASF/common/utils/interrupt/interrupt_sam_nvic.o
                0x20000000                g_interrupt_enabled
 *fill*         0x20000001        0x7 
 .data          0x20000008      0x430 c:/program files (x86)/atmel/atmel toolchain/arm gcc/native/4.8.1426/arm-gnu-toolchain/bin/../lib/gcc/arm-none-eabi/4.8.3/../../../../arm-none-eabi/lib/armv6-m\libc.a(lib_a-impure.o)
                0x20000008                _impure_ptr
 .data          0x20000438       0x7c c:/program files (x86)/atmel/atmel toolchain/arm gcc/native/4.8.1426/arm-gnu-toolchain/bin/../lib/gcc/arm-none-eabi/4.8.3/../../../../arm-none-eabi/lib/armv6-m\libc.a(lib_a-locale.o)
                0x20000458                __mb_cur_max
 .data          0x200004b4      0x410 c:/program files (x86)/atmel/atmel toolchain/arm gcc/native/4.8.1426/arm-gnu-toolchain/bin/../lib/gcc/arm-none-eabi/4.8.3/../../../../arm-none-eabi/lib/armv6-m\libc.a(lib_a-mallocr.o)
                0x200004b4                __malloc_av_
                0x200008bc                __malloc_sbrk_base
                0x200008c0                __malloc_trim_threshold
                0x200008c4                . = ALIGN (0x4)
                0x200008c4                _erelocate = .

.bss            0x200008c4      0x120 load address 0x000085a0
                0x200008c4                . = ALIGN (0x4)
                0x200008c4                _sbss = .
                0x200008c4                _szero = .
 *(.bss .bss.*)
 .bss           0x200008c4       0x1c c:/program files (x86)/atmel/atmel toolchain/arm gcc/native/4.8.1426/arm-gnu-toolchain/bin/../lib/gcc/arm-none-eabi/4.8.3/armv6-m/crtbegin.o
 .bss._sercom_config
                0x200008e0        0x4 src/ASF/sam0/drivers/sercom/sercom.o
 .bss._handler_table_initialized
                0x200008e4        0x1 src/ASF/sam0/drivers/sercom/sercom_interrupt.o
 *fill*         0x200008e5        0x3 
 .bss._sercom_interrupt_handlers
                0x200008e8       0x18 src/ASF/sam0/drivers/sercom/sercom_interrupt.o
 .bss.cpu_irq_critical_section_counter
                0x20000900        0x4 src/ASF/common/utils/interrupt/interrupt_sam_nvic.o
 .bss.cpu_irq_prev_interrupt_state
                0x20000904        0x1 src/ASF/common/utils/interrupt/interrupt_sam_nvic.o
 *fill*         0x20000905        0x3 
 .bss._system_clock_inst
                0x20000908       0x14 src/ASF/sam0/drivers/system/clock/clock_samd20/clock.o
 .bss.heap.5088
                0x2000091c        0x4 src/ASF/sam0/utils/syscalls/gcc/syscalls.o
 .bss.sys_timer1
                0x20000920        0x4 src/main.o
                0x20000920                sys_timer1
 .bss           0x20000924       0x34 c:/program files (x86)/atmel/atmel toolchain/arm gcc/native/4.8.1426/arm-gnu-toolchain/bin/../lib/gcc/arm-none-eabi/4.8.3/../../../../arm-none-eabi/lib/armv6-m\libc.a(lib_a-mallocr.o)
                0x20000924                __malloc_top_pad
                0x20000928                __malloc_current_mallinfo
                0x20000950                __malloc_max_sbrked_mem
                0x20000954                __malloc_max_total_mem
 *(COMMON)
 COMMON         0x20000958       0x20 src/ASF/sam0/drivers/tc/tc_interrupt.o
                0x20000958                _tc_instances
 COMMON         0x20000978       0x18 src/ASF/sam0/drivers/sercom/sercom_interrupt.o
                0x20000978                _sercom_instances
 COMMON         0x20000990        0x4 src/ASF/sam0/drivers/adc/adc_callback.o
                0x20000990                _adc_instances
 COMMON         0x20000994       0x4c src/main.o
                0x20000994                usart_instance
                0x200009b8                rx_buffer
                0x200009c0                adc_instance
 COMMON         0x200009e0        0x4 c:/program files (x86)/atmel/atmel toolchain/arm gcc/native/4.8.1426/arm-gnu-toolchain/bin/../lib/gcc/arm-none-eabi/4.8.3/../../../../arm-none-eabi/lib/armv6-m\libc.a(lib_a-reent.o)
                0x200009e0                errno
                0x200009e4                . = ALIGN (0x4)
                0x200009e4                _ebss = .
                0x200009e4                _ezero = .

.stack          0x200009e4     0x2004 load address 0x000086c0
                0x200009e8                . = ALIGN (0x8)
 *fill*         0x200009e4        0x4 
                0x200009e8                _sstack = .
                0x200029e8                . = (. + __stack_size__)
 *fill*         0x200009e8     0x2000 
                0x200029e8                . = ALIGN (0x8)
                0x200029e8                _estack = .
                0x200029e8                . = ALIGN (0x4)
                0x200029e8                _end = .
OUTPUT(ADC_Light_ASF.elf elf32-littlearm)

.ARM.attributes
                0x00000000       0x28
 .ARM.attributes
                0x00000000       0x1e c:/program files (x86)/atmel/atmel toolchain/arm gcc/native/4.8.1426/arm-gnu-toolchain/bin/../lib/gcc/arm-none-eabi/4.8.3/armv6-m/crti.o
 .ARM.attributes
                0x0000001e       0x2c c:/program files (x86)/atmel/atmel toolchain/arm gcc/native/4.8.1426/arm-gnu-toolchain/bin/../lib/gcc/arm-none-eabi/4.8.3/armv6-m/crtbegin.o
 .ARM.attributes
                0x0000004a       0x32 src/ASF/sam0/drivers/adc/adc.o
 .ARM.attributes
                0x0000007c       0x32 src/ASF/sam0/drivers/sercom/sercom.o
 .ARM.attributes
                0x000000ae       0x32 src/ASF/sam0/drivers/tc/tc_interrupt.o
 .ARM.attributes
                0x000000e0       0x32 src/ASF/sam0/drivers/sercom/usart/usart.o
 .ARM.attributes
                0x00000112       0x32 src/ASF/sam0/drivers/sercom/usart/usart_interrupt.o
 .ARM.attributes
                0x00000144       0x32 src/ASF/sam0/drivers/sercom/sercom_interrupt.o
 .ARM.attributes
                0x00000176       0x32 src/ASF/sam0/drivers/adc/adc_callback.o
 .ARM.attributes
                0x000001a8       0x32 src/ASF/common/utils/interrupt/interrupt_sam_nvic.o
 .ARM.attributes
                0x000001da       0x32 src/ASF/sam0/boards/samd20_xplained_pro/board_init.o
 .ARM.attributes
                0x0000020c       0x32 src/ASF/sam0/drivers/port/port.o
 .ARM.attributes
                0x0000023e       0x32 src/ASF/sam0/drivers/system/clock/clock_samd20/clock.o
 .ARM.attributes
                0x00000270       0x32 src/ASF/sam0/drivers/system/clock/clock_samd20/gclk.o
 .ARM.attributes
                0x000002a2       0x32 src/ASF/sam0/drivers/system/pinmux/pinmux.o
 .ARM.attributes
                0x000002d4       0x32 src/ASF/sam0/drivers/system/system.o
 .ARM.attributes
                0x00000306       0x32 src/ASF/sam0/utils/cmsis/samd20/source/gcc/startup_samd20.o
 .ARM.attributes
                0x00000338       0x32 src/ASF/sam0/utils/syscalls/gcc/syscalls.o
 .ARM.attributes
                0x0000036a       0x32 src/main.o
 .ARM.attributes
                0x0000039c       0x1e c:/program files (x86)/atmel/atmel toolchain/arm gcc/native/4.8.1426/arm-gnu-toolchain/bin/../lib/gcc/arm-none-eabi/4.8.3/armv6-m\libgcc.a(_udivsi3.o)
 .ARM.attributes
                0x000003ba       0x1e c:/program files (x86)/atmel/atmel toolchain/arm gcc/native/4.8.1426/arm-gnu-toolchain/bin/../lib/gcc/arm-none-eabi/4.8.3/armv6-m\libgcc.a(_dvmd_tls.o)
 .ARM.attributes
                0x000003d8       0x1e c:/program files (x86)/atmel/atmel toolchain/arm gcc/native/4.8.1426/arm-gnu-toolchain/bin/../lib/gcc/arm-none-eabi/4.8.3/armv6-m\libgcc.a(_aeabi_uldivmod.o)
 .ARM.attributes
                0x000003f6       0x2c c:/program files (x86)/atmel/atmel toolchain/arm gcc/native/4.8.1426/arm-gnu-toolchain/bin/../lib/gcc/arm-none-eabi/4.8.3/armv6-m\libgcc.a(_muldi3.o)
 .ARM.attributes
                0x00000422       0x2c c:/program files (x86)/atmel/atmel toolchain/arm gcc/native/4.8.1426/arm-gnu-toolchain/bin/../lib/gcc/arm-none-eabi/4.8.3/armv6-m\libgcc.a(bpabi.o)
 .ARM.attributes
                0x0000044e       0x2c c:/program files (x86)/atmel/atmel toolchain/arm gcc/native/4.8.1426/arm-gnu-toolchain/bin/../lib/gcc/arm-none-eabi/4.8.3/armv6-m\libgcc.a(_divdi3.o)
 .ARM.attributes
                0x0000047a       0x2c c:/program files (x86)/atmel/atmel toolchain/arm gcc/native/4.8.1426/arm-gnu-toolchain/bin/../lib/gcc/arm-none-eabi/4.8.3/armv6-m\libgcc.a(_udivdi3.o)
 .ARM.attributes
                0x000004a6       0x1e c:/program files (x86)/atmel/atmel toolchain/arm gcc/native/4.8.1426/arm-gnu-toolchain/bin/../lib/gcc/arm-none-eabi/4.8.3/armv6-m\libgcc.a(_clzsi2.o)
 .ARM.attributes
                0x000004c4       0x2c c:/program files (x86)/atmel/atmel toolchain/arm gcc/native/4.8.1426/arm-gnu-toolchain/bin/../lib/gcc/arm-none-eabi/4.8.3/../../../../arm-none-eabi/lib/armv6-m\libc.a(lib_a-atexit.o)
 .ARM.attributes
                0x000004f0       0x2c c:/program files (x86)/atmel/atmel toolchain/arm gcc/native/4.8.1426/arm-gnu-toolchain/bin/../lib/gcc/arm-none-eabi/4.8.3/../../../../arm-none-eabi/lib/armv6-m\libc.a(lib_a-fini.o)
 .ARM.attributes
                0x0000051c       0x2c c:/program files (x86)/atmel/atmel toolchain/arm gcc/native/4.8.1426/arm-gnu-toolchain/bin/../lib/gcc/arm-none-eabi/4.8.3/../../../../arm-none-eabi/lib/armv6-m\libc.a(lib_a-impure.o)
 .ARM.attributes
                0x00000548       0x2c c:/program files (x86)/atmel/atmel toolchain/arm gcc/native/4.8.1426/arm-gnu-toolchain/bin/../lib/gcc/arm-none-eabi/4.8.3/../../../../arm-none-eabi/lib/armv6-m\libc.a(lib_a-init.o)
 .ARM.attributes
                0x00000574       0x2c c:/program files (x86)/atmel/atmel toolchain/arm gcc/native/4.8.1426/arm-gnu-toolchain/bin/../lib/gcc/arm-none-eabi/4.8.3/../../../../arm-none-eabi/lib/armv6-m\libc.a(lib_a-memcpy-stub.o)
 .ARM.attributes
                0x000005a0       0x2c c:/program files (x86)/atmel/atmel toolchain/arm gcc/native/4.8.1426/arm-gnu-toolchain/bin/../lib/gcc/arm-none-eabi/4.8.3/../../../../arm-none-eabi/lib/armv6-m\libc.a(lib_a-memset.o)
 .ARM.attributes
                0x000005cc       0x2c c:/program files (x86)/atmel/atmel toolchain/arm gcc/native/4.8.1426/arm-gnu-toolchain/bin/../lib/gcc/arm-none-eabi/4.8.3/../../../../arm-none-eabi/lib/armv6-m\libc.a(lib_a-sprintf.o)
 .ARM.attributes
                0x000005f8       0x2c c:/program files (x86)/atmel/atmel toolchain/arm gcc/native/4.8.1426/arm-gnu-toolchain/bin/../lib/gcc/arm-none-eabi/4.8.3/../../../../arm-none-eabi/lib/armv6-m\libc.a(lib_a-svfprintf.o)
 .ARM.attributes
                0x00000624       0x2c c:/program files (x86)/atmel/atmel toolchain/arm gcc/native/4.8.1426/arm-gnu-toolchain/bin/../lib/gcc/arm-none-eabi/4.8.3/../../../../arm-none-eabi/lib/armv6-m\libc.a(lib_a-__atexit.o)
 .ARM.attributes
                0x00000650       0x2c c:/program files (x86)/atmel/atmel toolchain/arm gcc/native/4.8.1426/arm-gnu-toolchain/bin/../lib/gcc/arm-none-eabi/4.8.3/../../../../arm-none-eabi/lib/armv6-m\libc.a(lib_a-__call_atexit.o)
 .ARM.attributes
                0x0000067c       0x2c c:/program files (x86)/atmel/atmel toolchain/arm gcc/native/4.8.1426/arm-gnu-toolchain/bin/../lib/gcc/arm-none-eabi/4.8.3/../../../../arm-none-eabi/lib/armv6-m\libc.a(lib_a-dtoa.o)
 .ARM.attributes
                0x000006a8       0x2c c:/program files (x86)/atmel/atmel toolchain/arm gcc/native/4.8.1426/arm-gnu-toolchain/bin/../lib/gcc/arm-none-eabi/4.8.3/../../../../arm-none-eabi/lib/armv6-m\libc.a(lib_a-freer.o)
 .ARM.attributes
                0x000006d4       0x2c c:/program files (x86)/atmel/atmel toolchain/arm gcc/native/4.8.1426/arm-gnu-toolchain/bin/../lib/gcc/arm-none-eabi/4.8.3/../../../../arm-none-eabi/lib/armv6-m\libc.a(lib_a-locale.o)
 .ARM.attributes
                0x00000700       0x2c c:/program files (x86)/atmel/atmel toolchain/arm gcc/native/4.8.1426/arm-gnu-toolchain/bin/../lib/gcc/arm-none-eabi/4.8.3/../../../../arm-none-eabi/lib/armv6-m\libc.a(lib_a-mallocr.o)
 .ARM.attributes
                0x0000072c       0x2c c:/program files (x86)/atmel/atmel toolchain/arm gcc/native/4.8.1426/arm-gnu-toolchain/bin/../lib/gcc/arm-none-eabi/4.8.3/../../../../arm-none-eabi/lib/armv6-m\libc.a(lib_a-memchr-stub.o)
 .ARM.attributes
                0x00000758       0x2c c:/program files (x86)/atmel/atmel toolchain/arm gcc/native/4.8.1426/arm-gnu-toolchain/bin/../lib/gcc/arm-none-eabi/4.8.3/../../../../arm-none-eabi/lib/armv6-m\libc.a(lib_a-mlock.o)
 .ARM.attributes
                0x00000784       0x2c c:/program files (x86)/atmel/atmel toolchain/arm gcc/native/4.8.1426/arm-gnu-toolchain/bin/../lib/gcc/arm-none-eabi/4.8.3/../../../../arm-none-eabi/lib/armv6-m\libc.a(lib_a-mprec.o)
 .ARM.attributes
                0x000007b0       0x2c c:/program files (x86)/atmel/atmel toolchain/arm gcc/native/4.8.1426/arm-gnu-toolchain/bin/../lib/gcc/arm-none-eabi/4.8.3/../../../../arm-none-eabi/lib/armv6-m\libc.a(lib_a-s_fpclassify.o)
 .ARM.attributes
                0x000007dc       0x2c c:/program files (x86)/atmel/atmel toolchain/arm gcc/native/4.8.1426/arm-gnu-toolchain/bin/../lib/gcc/arm-none-eabi/4.8.3/../../../../arm-none-eabi/lib/armv6-m\libc.a(lib_a-sbrkr.o)
 .ARM.attributes
                0x00000808       0x1c c:/program files (x86)/atmel/atmel toolchain/arm gcc/native/4.8.1426/arm-gnu-toolchain/bin/../lib/gcc/arm-none-eabi/4.8.3/../../../../arm-none-eabi/lib/armv6-m\libc.a(lib_a-strcmp.o)
 .ARM.attributes
                0x00000824       0x2c c:/program files (x86)/atmel/atmel toolchain/arm gcc/native/4.8.1426/arm-gnu-toolchain/bin/../lib/gcc/arm-none-eabi/4.8.3/../../../../arm-none-eabi/lib/armv6-m\libc.a(lib_a-strlen.o)
 .ARM.attributes
                0x00000850       0x2c c:/program files (x86)/atmel/atmel toolchain/arm gcc/native/4.8.1426/arm-gnu-toolchain/bin/../lib/gcc/arm-none-eabi/4.8.3/../../../../arm-none-eabi/lib/armv6-m\libc.a(lib_a-svfiprintf.o)
 .ARM.attributes
                0x0000087c       0x2c c:/program files (x86)/atmel/atmel toolchain/arm gcc/native/4.8.1426/arm-gnu-toolchain/bin/../lib/gcc/arm-none-eabi/4.8.3/../../../../arm-none-eabi/lib/armv6-m\libc.a(lib_a-callocr.o)
 .ARM.attributes
                0x000008a8       0x2c c:/program files (x86)/atmel/atmel toolchain/arm gcc/native/4.8.1426/arm-gnu-toolchain/bin/../lib/gcc/arm-none-eabi/4.8.3/../../../../arm-none-eabi/lib/armv6-m\libc.a(lib_a-memmove.o)
 .ARM.attributes
                0x000008d4       0x2c c:/program files (x86)/atmel/atmel toolchain/arm gcc/native/4.8.1426/arm-gnu-toolchain/bin/../lib/gcc/arm-none-eabi/4.8.3/../../../../arm-none-eabi/lib/armv6-m\libc.a(lib_a-reallocr.o)
 .ARM.attributes
                0x00000900       0x2c c:/program files (x86)/atmel/atmel toolchain/arm gcc/native/4.8.1426/arm-gnu-toolchain/bin/../lib/gcc/arm-none-eabi/4.8.3/../../../../arm-none-eabi/lib/armv6-m\libc.a(lib_a-reent.o)
 .ARM.attributes
                0x0000092c       0x1e c:/program files (x86)/atmel/atmel toolchain/arm gcc/native/4.8.1426/arm-gnu-toolchain/bin/../lib/gcc/arm-none-eabi/4.8.3/armv6-m\libgcc.a(_thumb1_case_uqi.o)
 .ARM.attributes
                0x0000094a       0x1e c:/program files (x86)/atmel/atmel toolchain/arm gcc/native/4.8.1426/arm-gnu-toolchain/bin/../lib/gcc/arm-none-eabi/4.8.3/armv6-m\libgcc.a(_thumb1_case_uhi.o)
 .ARM.attributes
                0x00000968       0x1e c:/program files (x86)/atmel/atmel toolchain/arm gcc/native/4.8.1426/arm-gnu-toolchain/bin/../lib/gcc/arm-none-eabi/4.8.3/armv6-m\libgcc.a(_divsi3.o)
 .ARM.attributes
                0x00000986       0x1e c:/program files (x86)/atmel/atmel toolchain/arm gcc/native/4.8.1426/arm-gnu-toolchain/bin/../lib/gcc/arm-none-eabi/4.8.3/armv6-m\libgcc.a(_arm_cmpdf2.o)
 .ARM.attributes
                0x000009a4       0x2c c:/program files (x86)/atmel/atmel toolchain/arm gcc/native/4.8.1426/arm-gnu-toolchain/bin/../lib/gcc/arm-none-eabi/4.8.3/armv6-m\libgcc.a(adddf3.o)
 .ARM.attributes
                0x000009d0       0x2c c:/program files (x86)/atmel/atmel toolchain/arm gcc/native/4.8.1426/arm-gnu-toolchain/bin/../lib/gcc/arm-none-eabi/4.8.3/armv6-m\libgcc.a(divdf3.o)
 .ARM.attributes
                0x000009fc       0x2c c:/program files (x86)/atmel/atmel toolchain/arm gcc/native/4.8.1426/arm-gnu-toolchain/bin/../lib/gcc/arm-none-eabi/4.8.3/armv6-m\libgcc.a(eqdf2.o)
 .ARM.attributes
                0x00000a28       0x2c c:/program files (x86)/atmel/atmel toolchain/arm gcc/native/4.8.1426/arm-gnu-toolchain/bin/../lib/gcc/arm-none-eabi/4.8.3/armv6-m\libgcc.a(gedf2.o)
 .ARM.attributes
                0x00000a54       0x2c c:/program files (x86)/atmel/atmel toolchain/arm gcc/native/4.8.1426/arm-gnu-toolchain/bin/../lib/gcc/arm-none-eabi/4.8.3/armv6-m\libgcc.a(ledf2.o)
 .ARM.attributes
                0x00000a80       0x2c c:/program files (x86)/atmel/atmel toolchain/arm gcc/native/4.8.1426/arm-gnu-toolchain/bin/../lib/gcc/arm-none-eabi/4.8.3/armv6-m\libgcc.a(muldf3.o)
 .ARM.attributes
                0x00000aac       0x2c c:/program files (x86)/atmel/atmel toolchain/arm gcc/native/4.8.1426/arm-gnu-toolchain/bin/../lib/gcc/arm-none-eabi/4.8.3/armv6-m\libgcc.a(subdf3.o)
 .ARM.attributes
                0x00000ad8       0x2c c:/program files (x86)/atmel/atmel toolchain/arm gcc/native/4.8.1426/arm-gnu-toolchain/bin/../lib/gcc/arm-none-eabi/4.8.3/armv6-m\libgcc.a(fixdfsi.o)
 .ARM.attributes
                0x00000b04       0x2c c:/program files (x86)/atmel/atmel toolchain/arm gcc/native/4.8.1426/arm-gnu-toolchain/bin/../lib/gcc/arm-none-eabi/4.8.3/armv6-m\libgcc.a(floatsidf.o)
 .ARM.attributes
                0x00000b30       0x2c c:/program files (x86)/atmel/atmel toolchain/arm gcc/native/4.8.1426/arm-gnu-toolchain/bin/../lib/gcc/arm-none-eabi/4.8.3/armv6-m\libgcc.a(floatunsidf.o)
 .ARM.attributes
                0x00000b5c       0x2c c:/program files (x86)/atmel/atmel toolchain/arm gcc/native/4.8.1426/arm-gnu-toolchain/bin/../lib/gcc/arm-none-eabi/4.8.3/armv6-m/crtend.o
 .ARM.attributes
                0x00000b88       0x1e c:/program files (x86)/atmel/atmel toolchain/arm gcc/native/4.8.1426/arm-gnu-toolchain/bin/../lib/gcc/arm-none-eabi/4.8.3/armv6-m/crtn.o

.comment        0x00000000       0x71
 .comment       0x00000000       0x71 c:/program files (x86)/atmel/atmel toolchain/arm gcc/native/4.8.1426/arm-gnu-toolchain/bin/../lib/gcc/arm-none-eabi/4.8.3/armv6-m/crtbegin.o
                                 0x72 (size before relaxing)
 .comment       0x00000000       0x72 src/ASF/sam0/drivers/adc/adc.o
 .comment       0x00000000       0x72 src/ASF/sam0/drivers/sercom/sercom.o
 .comment       0x00000000       0x72 src/ASF/sam0/drivers/tc/tc_interrupt.o
 .comment       0x00000000       0x72 src/ASF/sam0/drivers/sercom/usart/usart.o
 .comment       0x00000000       0x72 src/ASF/sam0/drivers/sercom/usart/usart_interrupt.o
 .comment       0x00000000       0x72 src/ASF/sam0/drivers/sercom/sercom_interrupt.o
 .comment       0x00000000       0x72 src/ASF/sam0/drivers/adc/adc_callback.o
 .comment       0x00000000       0x72 src/ASF/common/utils/interrupt/interrupt_sam_nvic.o
 .comment       0x00000000       0x72 src/ASF/sam0/boards/samd20_xplained_pro/board_init.o
 .comment       0x00000000       0x72 src/ASF/sam0/drivers/port/port.o
 .comment       0x00000000       0x72 src/ASF/sam0/drivers/system/clock/clock_samd20/clock.o
 .comment       0x00000000       0x72 src/ASF/sam0/drivers/system/clock/clock_samd20/gclk.o
 .comment       0x00000000       0x72 src/ASF/sam0/drivers/system/pinmux/pinmux.o
 .comment       0x00000000       0x72 src/ASF/sam0/drivers/system/system.o
 .comment       0x00000000       0x72 src/ASF/sam0/utils/cmsis/samd20/source/gcc/startup_samd20.o
 .comment       0x00000000       0x72 src/ASF/sam0/utils/syscalls/gcc/syscalls.o
 .comment       0x00000000       0x72 src/main.o
 .comment       0x00000000       0x72 c:/program files (x86)/atmel/atmel toolchain/arm gcc/native/4.8.1426/arm-gnu-toolchain/bin/../lib/gcc/arm-none-eabi/4.8.3/../../../../arm-none-eabi/lib/armv6-m\libc.a(lib_a-atexit.o)
 .comment       0x00000000       0x72 c:/program files (x86)/atmel/atmel toolchain/arm gcc/native/4.8.1426/arm-gnu-toolchain/bin/../lib/gcc/arm-none-eabi/4.8.3/../../../../arm-none-eabi/lib/armv6-m\libc.a(lib_a-fini.o)
 .comment       0x00000000       0x72 c:/program files (x86)/atmel/atmel toolchain/arm gcc/native/4.8.1426/arm-gnu-toolchain/bin/../lib/gcc/arm-none-eabi/4.8.3/../../../../arm-none-eabi/lib/armv6-m\libc.a(lib_a-impure.o)
 .comment       0x00000000       0x72 c:/program files (x86)/atmel/atmel toolchain/arm gcc/native/4.8.1426/arm-gnu-toolchain/bin/../lib/gcc/arm-none-eabi/4.8.3/../../../../arm-none-eabi/lib/armv6-m\libc.a(lib_a-init.o)
 .comment       0x00000000       0x72 c:/program files (x86)/atmel/atmel toolchain/arm gcc/native/4.8.1426/arm-gnu-toolchain/bin/../lib/gcc/arm-none-eabi/4.8.3/../../../../arm-none-eabi/lib/armv6-m\libc.a(lib_a-memcpy-stub.o)
 .comment       0x00000000       0x72 c:/program files (x86)/atmel/atmel toolchain/arm gcc/native/4.8.1426/arm-gnu-toolchain/bin/../lib/gcc/arm-none-eabi/4.8.3/../../../../arm-none-eabi/lib/armv6-m\libc.a(lib_a-memset.o)
 .comment       0x00000000       0x72 c:/program files (x86)/atmel/atmel toolchain/arm gcc/native/4.8.1426/arm-gnu-toolchain/bin/../lib/gcc/arm-none-eabi/4.8.3/../../../../arm-none-eabi/lib/armv6-m\libc.a(lib_a-sprintf.o)
 .comment       0x00000000       0x72 c:/program files (x86)/atmel/atmel toolchain/arm gcc/native/4.8.1426/arm-gnu-toolchain/bin/../lib/gcc/arm-none-eabi/4.8.3/../../../../arm-none-eabi/lib/armv6-m\libc.a(lib_a-svfprintf.o)
 .comment       0x00000000       0x72 c:/program files (x86)/atmel/atmel toolchain/arm gcc/native/4.8.1426/arm-gnu-toolchain/bin/../lib/gcc/arm-none-eabi/4.8.3/../../../../arm-none-eabi/lib/armv6-m\libc.a(lib_a-__atexit.o)
 .comment       0x00000000       0x72 c:/program files (x86)/atmel/atmel toolchain/arm gcc/native/4.8.1426/arm-gnu-toolchain/bin/../lib/gcc/arm-none-eabi/4.8.3/../../../../arm-none-eabi/lib/armv6-m\libc.a(lib_a-__call_atexit.o)
 .comment       0x00000000       0x72 c:/program files (x86)/atmel/atmel toolchain/arm gcc/native/4.8.1426/arm-gnu-toolchain/bin/../lib/gcc/arm-none-eabi/4.8.3/../../../../arm-none-eabi/lib/armv6-m\libc.a(lib_a-dtoa.o)
 .comment       0x00000000       0x72 c:/program files (x86)/atmel/atmel toolchain/arm gcc/native/4.8.1426/arm-gnu-toolchain/bin/../lib/gcc/arm-none-eabi/4.8.3/../../../../arm-none-eabi/lib/armv6-m\libc.a(lib_a-freer.o)
 .comment       0x00000000       0x72 c:/program files (x86)/atmel/atmel toolchain/arm gcc/native/4.8.1426/arm-gnu-toolchain/bin/../lib/gcc/arm-none-eabi/4.8.3/../../../../arm-none-eabi/lib/armv6-m\libc.a(lib_a-locale.o)
 .comment       0x00000000       0x72 c:/program files (x86)/atmel/atmel toolchain/arm gcc/native/4.8.1426/arm-gnu-toolchain/bin/../lib/gcc/arm-none-eabi/4.8.3/../../../../arm-none-eabi/lib/armv6-m\libc.a(lib_a-mallocr.o)
 .comment       0x00000000       0x72 c:/program files (x86)/atmel/atmel toolchain/arm gcc/native/4.8.1426/arm-gnu-toolchain/bin/../lib/gcc/arm-none-eabi/4.8.3/../../../../arm-none-eabi/lib/armv6-m\libc.a(lib_a-memchr-stub.o)
 .comment       0x00000000       0x72 c:/program files (x86)/atmel/atmel toolchain/arm gcc/native/4.8.1426/arm-gnu-toolchain/bin/../lib/gcc/arm-none-eabi/4.8.3/../../../../arm-none-eabi/lib/armv6-m\libc.a(lib_a-mlock.o)
 .comment       0x00000000       0x72 c:/program files (x86)/atmel/atmel toolchain/arm gcc/native/4.8.1426/arm-gnu-toolchain/bin/../lib/gcc/arm-none-eabi/4.8.3/../../../../arm-none-eabi/lib/armv6-m\libc.a(lib_a-mprec.o)
 .comment       0x00000000       0x72 c:/program files (x86)/atmel/atmel toolchain/arm gcc/native/4.8.1426/arm-gnu-toolchain/bin/../lib/gcc/arm-none-eabi/4.8.3/../../../../arm-none-eabi/lib/armv6-m\libc.a(lib_a-s_fpclassify.o)
 .comment       0x00000000       0x72 c:/program files (x86)/atmel/atmel toolchain/arm gcc/native/4.8.1426/arm-gnu-toolchain/bin/../lib/gcc/arm-none-eabi/4.8.3/../../../../arm-none-eabi/lib/armv6-m\libc.a(lib_a-sbrkr.o)
 .comment       0x00000000       0x72 c:/program files (x86)/atmel/atmel toolchain/arm gcc/native/4.8.1426/arm-gnu-toolchain/bin/../lib/gcc/arm-none-eabi/4.8.3/../../../../arm-none-eabi/lib/armv6-m\libc.a(lib_a-strlen.o)
 .comment       0x00000000       0x72 c:/program files (x86)/atmel/atmel toolchain/arm gcc/native/4.8.1426/arm-gnu-toolchain/bin/../lib/gcc/arm-none-eabi/4.8.3/../../../../arm-none-eabi/lib/armv6-m\libc.a(lib_a-svfiprintf.o)
 .comment       0x00000000       0x72 c:/program files (x86)/atmel/atmel toolchain/arm gcc/native/4.8.1426/arm-gnu-toolchain/bin/../lib/gcc/arm-none-eabi/4.8.3/../../../../arm-none-eabi/lib/armv6-m\libc.a(lib_a-callocr.o)
 .comment       0x00000000       0x72 c:/program files (x86)/atmel/atmel toolchain/arm gcc/native/4.8.1426/arm-gnu-toolchain/bin/../lib/gcc/arm-none-eabi/4.8.3/../../../../arm-none-eabi/lib/armv6-m\libc.a(lib_a-memmove.o)
 .comment       0x00000000       0x72 c:/program files (x86)/atmel/atmel toolchain/arm gcc/native/4.8.1426/arm-gnu-toolchain/bin/../lib/gcc/arm-none-eabi/4.8.3/../../../../arm-none-eabi/lib/armv6-m\libc.a(lib_a-reallocr.o)
 .comment       0x00000000       0x72 c:/program files (x86)/atmel/atmel toolchain/arm gcc/native/4.8.1426/arm-gnu-toolchain/bin/../lib/gcc/arm-none-eabi/4.8.3/../../../../arm-none-eabi/lib/armv6-m\libc.a(lib_a-reent.o)
 .comment       0x00000000       0x72 c:/program files (x86)/atmel/atmel toolchain/arm gcc/native/4.8.1426/arm-gnu-toolchain/bin/../lib/gcc/arm-none-eabi/4.8.3/armv6-m/crtend.o

.debug_info     0x00000000    0x28588
 .debug_info    0x00000000     0x2155 src/ASF/sam0/drivers/adc/adc.o
 .debug_info    0x00002155     0x1bb9 src/ASF/sam0/drivers/sercom/sercom.o
 .debug_info    0x00003d0e     0x11e0 src/ASF/sam0/drivers/tc/tc_interrupt.o
 .debug_info    0x00004eee     0x38f6 src/ASF/sam0/drivers/sercom/usart/usart.o
 .debug_info    0x000087e4     0x1f42 src/ASF/sam0/drivers/sercom/usart/usart_interrupt.o
 .debug_info    0x0000a726     0x1b99 src/ASF/sam0/drivers/sercom/sercom_interrupt.o
 .debug_info    0x0000c2bf     0x123e src/ASF/sam0/drivers/adc/adc_callback.o
 .debug_info    0x0000d4fd      0x1e1 src/ASF/common/utils/interrupt/interrupt_sam_nvic.o
 .debug_info    0x0000d6de      0x995 src/ASF/sam0/boards/samd20_xplained_pro/board_init.o
 .debug_info    0x0000e073      0x98d src/ASF/sam0/drivers/port/port.o
 .debug_info    0x0000ea00     0x3419 src/ASF/sam0/drivers/system/clock/clock_samd20/clock.o
 .debug_info    0x00011e19     0x1447 src/ASF/sam0/drivers/system/clock/clock_samd20/gclk.o
 .debug_info    0x00013260      0xa72 src/ASF/sam0/drivers/system/pinmux/pinmux.o
 .debug_info    0x00013cd2      0x179 src/ASF/sam0/drivers/system/system.o
 .debug_info    0x00013e4b      0x478 src/ASF/sam0/utils/cmsis/samd20/source/gcc/startup_samd20.o
 .debug_info    0x000142c3      0x427 src/ASF/sam0/utils/syscalls/gcc/syscalls.o
 .debug_info    0x000146ea     0x57ce src/main.o
 .debug_info    0x00019eb8      0x10f c:/program files (x86)/atmel/atmel toolchain/arm gcc/native/4.8.1426/arm-gnu-toolchain/bin/../lib/gcc/arm-none-eabi/4.8.3/../../../../arm-none-eabi/lib/armv6-m\libc.a(lib_a-atexit.o)
 .debug_info    0x00019fc7       0xf4 c:/program files (x86)/atmel/atmel toolchain/arm gcc/native/4.8.1426/arm-gnu-toolchain/bin/../lib/gcc/arm-none-eabi/4.8.3/../../../../arm-none-eabi/lib/armv6-m\libc.a(lib_a-fini.o)
 .debug_info    0x0001a0bb      0x96c c:/program files (x86)/atmel/atmel toolchain/arm gcc/native/4.8.1426/arm-gnu-toolchain/bin/../lib/gcc/arm-none-eabi/4.8.3/../../../../arm-none-eabi/lib/armv6-m\libc.a(lib_a-impure.o)
 .debug_info    0x0001aa27      0x112 c:/program files (x86)/atmel/atmel toolchain/arm gcc/native/4.8.1426/arm-gnu-toolchain/bin/../lib/gcc/arm-none-eabi/4.8.3/../../../../arm-none-eabi/lib/armv6-m\libc.a(lib_a-init.o)
 .debug_info    0x0001ab39      0x103 c:/program files (x86)/atmel/atmel toolchain/arm gcc/native/4.8.1426/arm-gnu-toolchain/bin/../lib/gcc/arm-none-eabi/4.8.3/../../../../arm-none-eabi/lib/armv6-m\libc.a(lib_a-memcpy-stub.o)
 .debug_info    0x0001ac3c       0xd3 c:/program files (x86)/atmel/atmel toolchain/arm gcc/native/4.8.1426/arm-gnu-toolchain/bin/../lib/gcc/arm-none-eabi/4.8.3/../../../../arm-none-eabi/lib/armv6-m\libc.a(lib_a-memset.o)
 .debug_info    0x0001ad0f      0xada c:/program files (x86)/atmel/atmel toolchain/arm gcc/native/4.8.1426/arm-gnu-toolchain/bin/../lib/gcc/arm-none-eabi/4.8.3/../../../../arm-none-eabi/lib/armv6-m\libc.a(lib_a-sprintf.o)
 .debug_info    0x0001b7e9     0x17bb c:/program files (x86)/atmel/atmel toolchain/arm gcc/native/4.8.1426/arm-gnu-toolchain/bin/../lib/gcc/arm-none-eabi/4.8.3/../../../../arm-none-eabi/lib/armv6-m\libc.a(lib_a-svfprintf.o)
 .debug_info    0x0001cfa4      0xa14 c:/program files (x86)/atmel/atmel toolchain/arm gcc/native/4.8.1426/arm-gnu-toolchain/bin/../lib/gcc/arm-none-eabi/4.8.3/../../../../arm-none-eabi/lib/armv6-m\libc.a(lib_a-__atexit.o)
 .debug_info    0x0001d9b8      0xa9e c:/program files (x86)/atmel/atmel toolchain/arm gcc/native/4.8.1426/arm-gnu-toolchain/bin/../lib/gcc/arm-none-eabi/4.8.3/../../../../arm-none-eabi/lib/armv6-m\libc.a(lib_a-__call_atexit.o)
 .debug_info    0x0001e456     0x142d c:/program files (x86)/atmel/atmel toolchain/arm gcc/native/4.8.1426/arm-gnu-toolchain/bin/../lib/gcc/arm-none-eabi/4.8.3/../../../../arm-none-eabi/lib/armv6-m\libc.a(lib_a-dtoa.o)
 .debug_info    0x0001f883      0xd19 c:/program files (x86)/atmel/atmel toolchain/arm gcc/native/4.8.1426/arm-gnu-toolchain/bin/../lib/gcc/arm-none-eabi/4.8.3/../../../../arm-none-eabi/lib/armv6-m\libc.a(lib_a-freer.o)
 .debug_info    0x0002059c      0xd17 c:/program files (x86)/atmel/atmel toolchain/arm gcc/native/4.8.1426/arm-gnu-toolchain/bin/../lib/gcc/arm-none-eabi/4.8.3/../../../../arm-none-eabi/lib/armv6-m\libc.a(lib_a-locale.o)
 .debug_info    0x000212b3      0xe23 c:/program files (x86)/atmel/atmel toolchain/arm gcc/native/4.8.1426/arm-gnu-toolchain/bin/../lib/gcc/arm-none-eabi/4.8.3/../../../../arm-none-eabi/lib/armv6-m\libc.a(lib_a-mallocr.o)
 .debug_info    0x000220d6       0xf8 c:/program files (x86)/atmel/atmel toolchain/arm gcc/native/4.8.1426/arm-gnu-toolchain/bin/../lib/gcc/arm-none-eabi/4.8.3/../../../../arm-none-eabi/lib/armv6-m\libc.a(lib_a-memchr-stub.o)
 .debug_info    0x000221ce      0x990 c:/program files (x86)/atmel/atmel toolchain/arm gcc/native/4.8.1426/arm-gnu-toolchain/bin/../lib/gcc/arm-none-eabi/4.8.3/../../../../arm-none-eabi/lib/armv6-m\libc.a(lib_a-mlock.o)
 .debug_info    0x00022b5e     0x1754 c:/program files (x86)/atmel/atmel toolchain/arm gcc/native/4.8.1426/arm-gnu-toolchain/bin/../lib/gcc/arm-none-eabi/4.8.3/../../../../arm-none-eabi/lib/armv6-m\libc.a(lib_a-mprec.o)
 .debug_info    0x000242b2      0x147 c:/program files (x86)/atmel/atmel toolchain/arm gcc/native/4.8.1426/arm-gnu-toolchain/bin/../lib/gcc/arm-none-eabi/4.8.3/../../../../arm-none-eabi/lib/armv6-m\libc.a(lib_a-s_fpclassify.o)
 .debug_info    0x000243f9      0x9d7 c:/program files (x86)/atmel/atmel toolchain/arm gcc/native/4.8.1426/arm-gnu-toolchain/bin/../lib/gcc/arm-none-eabi/4.8.3/../../../../arm-none-eabi/lib/armv6-m\libc.a(lib_a-sbrkr.o)
 .debug_info    0x00024dd0      0x11a c:/program files (x86)/atmel/atmel toolchain/arm gcc/native/4.8.1426/arm-gnu-toolchain/bin/../lib/gcc/arm-none-eabi/4.8.3/../../../../arm-none-eabi/lib/armv6-m\libc.a(lib_a-strcmp.o)
 .debug_info    0x00024eea       0xcd c:/program files (x86)/atmel/atmel toolchain/arm gcc/native/4.8.1426/arm-gnu-toolchain/bin/../lib/gcc/arm-none-eabi/4.8.3/../../../../arm-none-eabi/lib/armv6-m\libc.a(lib_a-strlen.o)
 .debug_info    0x00024fb7     0x1159 c:/program files (x86)/atmel/atmel toolchain/arm gcc/native/4.8.1426/arm-gnu-toolchain/bin/../lib/gcc/arm-none-eabi/4.8.3/../../../../arm-none-eabi/lib/armv6-m\libc.a(lib_a-svfiprintf.o)
 .debug_info    0x00026110      0xad5 c:/program files (x86)/atmel/atmel toolchain/arm gcc/native/4.8.1426/arm-gnu-toolchain/bin/../lib/gcc/arm-none-eabi/4.8.3/../../../../arm-none-eabi/lib/armv6-m\libc.a(lib_a-callocr.o)
 .debug_info    0x00026be5      0x103 c:/program files (x86)/atmel/atmel toolchain/arm gcc/native/4.8.1426/arm-gnu-toolchain/bin/../lib/gcc/arm-none-eabi/4.8.3/../../../../arm-none-eabi/lib/armv6-m\libc.a(lib_a-memmove.o)
 .debug_info    0x00026ce8      0xdc2 c:/program files (x86)/atmel/atmel toolchain/arm gcc/native/4.8.1426/arm-gnu-toolchain/bin/../lib/gcc/arm-none-eabi/4.8.3/../../../../arm-none-eabi/lib/armv6-m\libc.a(lib_a-reallocr.o)
 .debug_info    0x00027aaa      0xade c:/program files (x86)/atmel/atmel toolchain/arm gcc/native/4.8.1426/arm-gnu-toolchain/bin/../lib/gcc/arm-none-eabi/4.8.3/../../../../arm-none-eabi/lib/armv6-m\libc.a(lib_a-reent.o)

.debug_abbrev   0x00000000     0x55d4
 .debug_abbrev  0x00000000      0x38b src/ASF/sam0/drivers/adc/adc.o
 .debug_abbrev  0x0000038b      0x232 src/ASF/sam0/drivers/sercom/sercom.o
 .debug_abbrev  0x000005bd      0x259 src/ASF/sam0/drivers/tc/tc_interrupt.o
 .debug_abbrev  0x00000816      0x411 src/ASF/sam0/drivers/sercom/usart/usart.o
 .debug_abbrev  0x00000c27      0x3a4 src/ASF/sam0/drivers/sercom/usart/usart_interrupt.o
 .debug_abbrev  0x00000fcb      0x247 src/ASF/sam0/drivers/sercom/sercom_interrupt.o
 .debug_abbrev  0x00001212      0x2f2 src/ASF/sam0/drivers/adc/adc_callback.o
 .debug_abbrev  0x00001504       0xf6 src/ASF/common/utils/interrupt/interrupt_sam_nvic.o
 .debug_abbrev  0x000015fa      0x25a src/ASF/sam0/boards/samd20_xplained_pro/board_init.o
 .debug_abbrev  0x00001854      0x1e9 src/ASF/sam0/drivers/port/port.o
 .debug_abbrev  0x00001a3d      0x3d7 src/ASF/sam0/drivers/system/clock/clock_samd20/clock.o
 .debug_abbrev  0x00001e14      0x350 src/ASF/sam0/drivers/system/clock/clock_samd20/gclk.o
 .debug_abbrev  0x00002164      0x296 src/ASF/sam0/drivers/system/pinmux/pinmux.o
 .debug_abbrev  0x000023fa       0xb9 src/ASF/sam0/drivers/system/system.o
 .debug_abbrev  0x000024b3      0x12e src/ASF/sam0/utils/cmsis/samd20/source/gcc/startup_samd20.o
 .debug_abbrev  0x000025e1      0x141 src/ASF/sam0/utils/syscalls/gcc/syscalls.o
 .debug_abbrev  0x00002722      0x415 src/main.o
 .debug_abbrev  0x00002b37       0xb3 c:/program files (x86)/atmel/atmel toolchain/arm gcc/native/4.8.1426/arm-gnu-toolchain/bin/../lib/gcc/arm-none-eabi/4.8.3/../../../../arm-none-eabi/lib/armv6-m\libc.a(lib_a-atexit.o)
 .debug_abbrev  0x00002bea       0xb6 c:/program files (x86)/atmel/atmel toolchain/arm gcc/native/4.8.1426/arm-gnu-toolchain/bin/../lib/gcc/arm-none-eabi/4.8.3/../../../../arm-none-eabi/lib/armv6-m\libc.a(lib_a-fini.o)
 .debug_abbrev  0x00002ca0      0x160 c:/program files (x86)/atmel/atmel toolchain/arm gcc/native/4.8.1426/arm-gnu-toolchain/bin/../lib/gcc/arm-none-eabi/4.8.3/../../../../arm-none-eabi/lib/armv6-m\libc.a(lib_a-impure.o)
 .debug_abbrev  0x00002e00       0xb8 c:/program files (x86)/atmel/atmel toolchain/arm gcc/native/4.8.1426/arm-gnu-toolchain/bin/../lib/gcc/arm-none-eabi/4.8.3/../../../../arm-none-eabi/lib/armv6-m\libc.a(lib_a-init.o)
 .debug_abbrev  0x00002eb8       0xa2 c:/program files (x86)/atmel/atmel toolchain/arm gcc/native/4.8.1426/arm-gnu-toolchain/bin/../lib/gcc/arm-none-eabi/4.8.3/../../../../arm-none-eabi/lib/armv6-m\libc.a(lib_a-memcpy-stub.o)
 .debug_abbrev  0x00002f5a       0x8c c:/program files (x86)/atmel/atmel toolchain/arm gcc/native/4.8.1426/arm-gnu-toolchain/bin/../lib/gcc/arm-none-eabi/4.8.3/../../../../arm-none-eabi/lib/armv6-m\libc.a(lib_a-memset.o)
 .debug_abbrev  0x00002fe6      0x1fa c:/program files (x86)/atmel/atmel toolchain/arm gcc/native/4.8.1426/arm-gnu-toolchain/bin/../lib/gcc/arm-none-eabi/4.8.3/../../../../arm-none-eabi/lib/armv6-m\libc.a(lib_a-sprintf.o)
 .debug_abbrev  0x000031e0      0x353 c:/program files (x86)/atmel/atmel toolchain/arm gcc/native/4.8.1426/arm-gnu-toolchain/bin/../lib/gcc/arm-none-eabi/4.8.3/../../../../arm-none-eabi/lib/armv6-m\libc.a(lib_a-svfprintf.o)
 .debug_abbrev  0x00003533      0x1ef c:/program files (x86)/atmel/atmel toolchain/arm gcc/native/4.8.1426/arm-gnu-toolchain/bin/../lib/gcc/arm-none-eabi/4.8.3/../../../../arm-none-eabi/lib/armv6-m\libc.a(lib_a-__atexit.o)
 .debug_abbrev  0x00003722      0x266 c:/program files (x86)/atmel/atmel toolchain/arm gcc/native/4.8.1426/arm-gnu-toolchain/bin/../lib/gcc/arm-none-eabi/4.8.3/../../../../arm-none-eabi/lib/armv6-m\libc.a(lib_a-__call_atexit.o)
 .debug_abbrev  0x00003988      0x2cf c:/program files (x86)/atmel/atmel toolchain/arm gcc/native/4.8.1426/arm-gnu-toolchain/bin/../lib/gcc/arm-none-eabi/4.8.3/../../../../arm-none-eabi/lib/armv6-m\libc.a(lib_a-dtoa.o)
 .debug_abbrev  0x00003c57      0x23a c:/program files (x86)/atmel/atmel toolchain/arm gcc/native/4.8.1426/arm-gnu-toolchain/bin/../lib/gcc/arm-none-eabi/4.8.3/../../../../arm-none-eabi/lib/armv6-m\libc.a(lib_a-freer.o)
 .debug_abbrev  0x00003e91      0x277 c:/program files (x86)/atmel/atmel toolchain/arm gcc/native/4.8.1426/arm-gnu-toolchain/bin/../lib/gcc/arm-none-eabi/4.8.3/../../../../arm-none-eabi/lib/armv6-m\libc.a(lib_a-locale.o)
 .debug_abbrev  0x00004108      0x286 c:/program files (x86)/atmel/atmel toolchain/arm gcc/native/4.8.1426/arm-gnu-toolchain/bin/../lib/gcc/arm-none-eabi/4.8.3/../../../../arm-none-eabi/lib/armv6-m\libc.a(lib_a-mallocr.o)
 .debug_abbrev  0x0000438e       0xa9 c:/program files (x86)/atmel/atmel toolchain/arm gcc/native/4.8.1426/arm-gnu-toolchain/bin/../lib/gcc/arm-none-eabi/4.8.3/../../../../arm-none-eabi/lib/armv6-m\libc.a(lib_a-memchr-stub.o)
 .debug_abbrev  0x00004437      0x17a c:/program files (x86)/atmel/atmel toolchain/arm gcc/native/4.8.1426/arm-gnu-toolchain/bin/../lib/gcc/arm-none-eabi/4.8.3/../../../../arm-none-eabi/lib/armv6-m\libc.a(lib_a-mlock.o)
 .debug_abbrev  0x000045b1      0x34a c:/program files (x86)/atmel/atmel toolchain/arm gcc/native/4.8.1426/arm-gnu-toolchain/bin/../lib/gcc/arm-none-eabi/4.8.3/../../../../arm-none-eabi/lib/armv6-m\libc.a(lib_a-mprec.o)
 .debug_abbrev  0x000048fb       0xc6 c:/program files (x86)/atmel/atmel toolchain/arm gcc/native/4.8.1426/arm-gnu-toolchain/bin/../lib/gcc/arm-none-eabi/4.8.3/../../../../arm-none-eabi/lib/armv6-m\libc.a(lib_a-s_fpclassify.o)
 .debug_abbrev  0x000049c1      0x1dd c:/program files (x86)/atmel/atmel toolchain/arm gcc/native/4.8.1426/arm-gnu-toolchain/bin/../lib/gcc/arm-none-eabi/4.8.3/../../../../arm-none-eabi/lib/armv6-m\libc.a(lib_a-sbrkr.o)
 .debug_abbrev  0x00004b9e       0x14 c:/program files (x86)/atmel/atmel toolchain/arm gcc/native/4.8.1426/arm-gnu-toolchain/bin/../lib/gcc/arm-none-eabi/4.8.3/../../../../arm-none-eabi/lib/armv6-m\libc.a(lib_a-strcmp.o)
 .debug_abbrev  0x00004bb2       0x8a c:/program files (x86)/atmel/atmel toolchain/arm gcc/native/4.8.1426/arm-gnu-toolchain/bin/../lib/gcc/arm-none-eabi/4.8.3/../../../../arm-none-eabi/lib/armv6-m\libc.a(lib_a-strlen.o)
 .debug_abbrev  0x00004c3c      0x29e c:/program files (x86)/atmel/atmel toolchain/arm gcc/native/4.8.1426/arm-gnu-toolchain/bin/../lib/gcc/arm-none-eabi/4.8.3/../../../../arm-none-eabi/lib/armv6-m\libc.a(lib_a-svfiprintf.o)
 .debug_abbrev  0x00004eda      0x1f7 c:/program files (x86)/atmel/atmel toolchain/arm gcc/native/4.8.1426/arm-gnu-toolchain/bin/../lib/gcc/arm-none-eabi/4.8.3/../../../../arm-none-eabi/lib/armv6-m\libc.a(lib_a-callocr.o)
 .debug_abbrev  0x000050d1       0x9a c:/program files (x86)/atmel/atmel toolchain/arm gcc/native/4.8.1426/arm-gnu-toolchain/bin/../lib/gcc/arm-none-eabi/4.8.3/../../../../arm-none-eabi/lib/armv6-m\libc.a(lib_a-memmove.o)
 .debug_abbrev  0x0000516b      0x23b c:/program files (x86)/atmel/atmel toolchain/arm gcc/native/4.8.1426/arm-gnu-toolchain/bin/../lib/gcc/arm-none-eabi/4.8.3/../../../../arm-none-eabi/lib/armv6-m\libc.a(lib_a-reallocr.o)
 .debug_abbrev  0x000053a6      0x22e c:/program files (x86)/atmel/atmel toolchain/arm gcc/native/4.8.1426/arm-gnu-toolchain/bin/../lib/gcc/arm-none-eabi/4.8.3/../../../../arm-none-eabi/lib/armv6-m\libc.a(lib_a-reent.o)

.debug_loc      0x00000000     0xcba9
 .debug_loc     0x00000000      0x637 src/ASF/sam0/drivers/adc/adc.o
 .debug_loc     0x00000637      0x7d2 src/ASF/sam0/drivers/sercom/sercom.o
 .debug_loc     0x00000e09      0x21d src/ASF/sam0/drivers/tc/tc_interrupt.o
 .debug_loc     0x00001026      0xc72 src/ASF/sam0/drivers/sercom/usart/usart.o
 .debug_loc     0x00001c98      0x688 src/ASF/sam0/drivers/sercom/usart/usart_interrupt.o
 .debug_loc     0x00002320      0x208 src/ASF/sam0/drivers/sercom/sercom_interrupt.o
 .debug_loc     0x00002528      0x2b4 src/ASF/sam0/drivers/adc/adc_callback.o
 .debug_loc     0x000027dc       0x1e src/ASF/common/utils/interrupt/interrupt_sam_nvic.o
 .debug_loc     0x000027fa       0x59 src/ASF/sam0/boards/samd20_xplained_pro/board_init.o
 .debug_loc     0x00002853      0x16d src/ASF/sam0/drivers/port/port.o
 .debug_loc     0x000029c0      0xfae src/ASF/sam0/drivers/system/clock/clock_samd20/clock.o
 .debug_loc     0x0000396e      0x48e src/ASF/sam0/drivers/system/clock/clock_samd20/gclk.o
 .debug_loc     0x00003dfc      0x2cc src/ASF/sam0/drivers/system/pinmux/pinmux.o
 .debug_loc     0x000040c8       0x20 src/ASF/sam0/drivers/system/system.o
 .debug_loc     0x000040e8       0x7c src/ASF/sam0/utils/cmsis/samd20/source/gcc/startup_samd20.o
 .debug_loc     0x00004164      0x112 src/ASF/sam0/utils/syscalls/gcc/syscalls.o
 .debug_loc     0x00004276      0x2fd src/main.o
 .debug_loc     0x00004573       0x4c c:/program files (x86)/atmel/atmel toolchain/arm gcc/native/4.8.1426/arm-gnu-toolchain/bin/../lib/gcc/arm-none-eabi/4.8.3/../../../../arm-none-eabi/lib/armv6-m\libc.a(lib_a-atexit.o)
 .debug_loc     0x000045bf       0x4b c:/program files (x86)/atmel/atmel toolchain/arm gcc/native/4.8.1426/arm-gnu-toolchain/bin/../lib/gcc/arm-none-eabi/4.8.3/../../../../arm-none-eabi/lib/armv6-m\libc.a(lib_a-fini.o)
 .debug_loc     0x0000460a       0x74 c:/program files (x86)/atmel/atmel toolchain/arm gcc/native/4.8.1426/arm-gnu-toolchain/bin/../lib/gcc/arm-none-eabi/4.8.3/../../../../arm-none-eabi/lib/armv6-m\libc.a(lib_a-init.o)
 .debug_loc     0x0000467e       0xef c:/program files (x86)/atmel/atmel toolchain/arm gcc/native/4.8.1426/arm-gnu-toolchain/bin/../lib/gcc/arm-none-eabi/4.8.3/../../../../arm-none-eabi/lib/armv6-m\libc.a(lib_a-memcpy-stub.o)
 .debug_loc     0x0000476d       0x87 c:/program files (x86)/atmel/atmel toolchain/arm gcc/native/4.8.1426/arm-gnu-toolchain/bin/../lib/gcc/arm-none-eabi/4.8.3/../../../../arm-none-eabi/lib/armv6-m\libc.a(lib_a-memset.o)
 .debug_loc     0x000047f4      0x106 c:/program files (x86)/atmel/atmel toolchain/arm gcc/native/4.8.1426/arm-gnu-toolchain/bin/../lib/gcc/arm-none-eabi/4.8.3/../../../../arm-none-eabi/lib/armv6-m\libc.a(lib_a-sprintf.o)
 .debug_loc     0x000048fa     0x18f7 c:/program files (x86)/atmel/atmel toolchain/arm gcc/native/4.8.1426/arm-gnu-toolchain/bin/../lib/gcc/arm-none-eabi/4.8.3/../../../../arm-none-eabi/lib/armv6-m\libc.a(lib_a-svfprintf.o)
 .debug_loc     0x000061f1      0x14c c:/program files (x86)/atmel/atmel toolchain/arm gcc/native/4.8.1426/arm-gnu-toolchain/bin/../lib/gcc/arm-none-eabi/4.8.3/../../../../arm-none-eabi/lib/armv6-m\libc.a(lib_a-__atexit.o)
 .debug_loc     0x0000633d      0x1f3 c:/program files (x86)/atmel/atmel toolchain/arm gcc/native/4.8.1426/arm-gnu-toolchain/bin/../lib/gcc/arm-none-eabi/4.8.3/../../../../arm-none-eabi/lib/armv6-m\libc.a(lib_a-__call_atexit.o)
 .debug_loc     0x00006530     0x18e6 c:/program files (x86)/atmel/atmel toolchain/arm gcc/native/4.8.1426/arm-gnu-toolchain/bin/../lib/gcc/arm-none-eabi/4.8.3/../../../../arm-none-eabi/lib/armv6-m\libc.a(lib_a-dtoa.o)
 .debug_loc     0x00007e16      0x3ee c:/program files (x86)/atmel/atmel toolchain/arm gcc/native/4.8.1426/arm-gnu-toolchain/bin/../lib/gcc/arm-none-eabi/4.8.3/../../../../arm-none-eabi/lib/armv6-m\libc.a(lib_a-freer.o)
 .debug_loc     0x00008204      0x16f c:/program files (x86)/atmel/atmel toolchain/arm gcc/native/4.8.1426/arm-gnu-toolchain/bin/../lib/gcc/arm-none-eabi/4.8.3/../../../../arm-none-eabi/lib/armv6-m\libc.a(lib_a-locale.o)
 .debug_loc     0x00008373      0x7de c:/program files (x86)/atmel/atmel toolchain/arm gcc/native/4.8.1426/arm-gnu-toolchain/bin/../lib/gcc/arm-none-eabi/4.8.3/../../../../arm-none-eabi/lib/armv6-m\libc.a(lib_a-mallocr.o)
 .debug_loc     0x00008b51       0x78 c:/program files (x86)/atmel/atmel toolchain/arm gcc/native/4.8.1426/arm-gnu-toolchain/bin/../lib/gcc/arm-none-eabi/4.8.3/../../../../arm-none-eabi/lib/armv6-m\libc.a(lib_a-memchr-stub.o)
 .debug_loc     0x00008bc9     0x1bb9 c:/program files (x86)/atmel/atmel toolchain/arm gcc/native/4.8.1426/arm-gnu-toolchain/bin/../lib/gcc/arm-none-eabi/4.8.3/../../../../arm-none-eabi/lib/armv6-m\libc.a(lib_a-mprec.o)
 .debug_loc     0x0000a782       0x86 c:/program files (x86)/atmel/atmel toolchain/arm gcc/native/4.8.1426/arm-gnu-toolchain/bin/../lib/gcc/arm-none-eabi/4.8.3/../../../../arm-none-eabi/lib/armv6-m\libc.a(lib_a-s_fpclassify.o)
 .debug_loc     0x0000a808       0x6d c:/program files (x86)/atmel/atmel toolchain/arm gcc/native/4.8.1426/arm-gnu-toolchain/bin/../lib/gcc/arm-none-eabi/4.8.3/../../../../arm-none-eabi/lib/armv6-m\libc.a(lib_a-sbrkr.o)
 .debug_loc     0x0000a875       0x21 c:/program files (x86)/atmel/atmel toolchain/arm gcc/native/4.8.1426/arm-gnu-toolchain/bin/../lib/gcc/arm-none-eabi/4.8.3/../../../../arm-none-eabi/lib/armv6-m\libc.a(lib_a-strlen.o)
 .debug_loc     0x0000a896      0xfba c:/program files (x86)/atmel/atmel toolchain/arm gcc/native/4.8.1426/arm-gnu-toolchain/bin/../lib/gcc/arm-none-eabi/4.8.3/../../../../arm-none-eabi/lib/armv6-m\libc.a(lib_a-svfiprintf.o)
 .debug_loc     0x0000b850      0x205 c:/program files (x86)/atmel/atmel toolchain/arm gcc/native/4.8.1426/arm-gnu-toolchain/bin/../lib/gcc/arm-none-eabi/4.8.3/../../../../arm-none-eabi/lib/armv6-m\libc.a(lib_a-callocr.o)
 .debug_loc     0x0000ba55      0x16c c:/program files (x86)/atmel/atmel toolchain/arm gcc/native/4.8.1426/arm-gnu-toolchain/bin/../lib/gcc/arm-none-eabi/4.8.3/../../../../arm-none-eabi/lib/armv6-m\libc.a(lib_a-memmove.o)
 .debug_loc     0x0000bbc1      0xeb7 c:/program files (x86)/atmel/atmel toolchain/arm gcc/native/4.8.1426/arm-gnu-toolchain/bin/../lib/gcc/arm-none-eabi/4.8.3/../../../../arm-none-eabi/lib/armv6-m\libc.a(lib_a-reallocr.o)
 .debug_loc     0x0000ca78      0x131 c:/program files (x86)/atmel/atmel toolchain/arm gcc/native/4.8.1426/arm-gnu-toolchain/bin/../lib/gcc/arm-none-eabi/4.8.3/../../../../arm-none-eabi/lib/armv6-m\libc.a(lib_a-reent.o)

.debug_aranges  0x00000000      0x810
 .debug_aranges
                0x00000000       0x20 src/ASF/sam0/drivers/adc/adc.o
 .debug_aranges
                0x00000020       0x38 src/ASF/sam0/drivers/sercom/sercom.o
 .debug_aranges
                0x00000058       0x70 src/ASF/sam0/drivers/tc/tc_interrupt.o
 .debug_aranges
                0x000000c8       0x40 src/ASF/sam0/drivers/sercom/usart/usart.o
 .debug_aranges
                0x00000108       0x70 src/ASF/sam0/drivers/sercom/usart/usart_interrupt.o
 .debug_aranges
                0x00000178       0x68 src/ASF/sam0/drivers/sercom/sercom_interrupt.o
 .debug_aranges
                0x000001e0       0x48 src/ASF/sam0/drivers/adc/adc_callback.o
 .debug_aranges
                0x00000228       0x28 src/ASF/common/utils/interrupt/interrupt_sam_nvic.o
 .debug_aranges
                0x00000250       0x20 src/ASF/sam0/boards/samd20_xplained_pro/board_init.o
 .debug_aranges
                0x00000270       0x28 src/ASF/sam0/drivers/port/port.o
 .debug_aranges
                0x00000298       0x70 src/ASF/sam0/drivers/system/clock/clock_samd20/clock.o
 .debug_aranges
                0x00000308       0x80 src/ASF/sam0/drivers/system/clock/clock_samd20/gclk.o
 .debug_aranges
                0x00000388       0x38 src/ASF/sam0/drivers/system/pinmux/pinmux.o
 .debug_aranges
                0x000003c0       0x30 src/ASF/sam0/drivers/system/system.o
 .debug_aranges
                0x000003f0       0x28 src/ASF/sam0/utils/cmsis/samd20/source/gcc/startup_samd20.o
 .debug_aranges
                0x00000418       0x60 src/ASF/sam0/utils/syscalls/gcc/syscalls.o
 .debug_aranges
                0x00000478       0x58 src/main.o
 .debug_aranges
                0x000004d0       0x20 c:/program files (x86)/atmel/atmel toolchain/arm gcc/native/4.8.1426/arm-gnu-toolchain/bin/../lib/gcc/arm-none-eabi/4.8.3/../../../../arm-none-eabi/lib/armv6-m\libc.a(lib_a-atexit.o)
 .debug_aranges
                0x000004f0       0x20 c:/program files (x86)/atmel/atmel toolchain/arm gcc/native/4.8.1426/arm-gnu-toolchain/bin/../lib/gcc/arm-none-eabi/4.8.3/../../../../arm-none-eabi/lib/armv6-m\libc.a(lib_a-fini.o)
 .debug_aranges
                0x00000510       0x18 c:/program files (x86)/atmel/atmel toolchain/arm gcc/native/4.8.1426/arm-gnu-toolchain/bin/../lib/gcc/arm-none-eabi/4.8.3/../../../../arm-none-eabi/lib/armv6-m\libc.a(lib_a-impure.o)
 .debug_aranges
                0x00000528       0x20 c:/program files (x86)/atmel/atmel toolchain/arm gcc/native/4.8.1426/arm-gnu-toolchain/bin/../lib/gcc/arm-none-eabi/4.8.3/../../../../arm-none-eabi/lib/armv6-m\libc.a(lib_a-init.o)
 .debug_aranges
                0x00000548       0x20 c:/program files (x86)/atmel/atmel toolchain/arm gcc/native/4.8.1426/arm-gnu-toolchain/bin/../lib/gcc/arm-none-eabi/4.8.3/../../../../arm-none-eabi/lib/armv6-m\libc.a(lib_a-memcpy-stub.o)
 .debug_aranges
                0x00000568       0x20 c:/program files (x86)/atmel/atmel toolchain/arm gcc/native/4.8.1426/arm-gnu-toolchain/bin/../lib/gcc/arm-none-eabi/4.8.3/../../../../arm-none-eabi/lib/armv6-m\libc.a(lib_a-memset.o)
 .debug_aranges
                0x00000588       0x20 c:/program files (x86)/atmel/atmel toolchain/arm gcc/native/4.8.1426/arm-gnu-toolchain/bin/../lib/gcc/arm-none-eabi/4.8.3/../../../../arm-none-eabi/lib/armv6-m\libc.a(lib_a-sprintf.o)
 .debug_aranges
                0x000005a8       0x20 c:/program files (x86)/atmel/atmel toolchain/arm gcc/native/4.8.1426/arm-gnu-toolchain/bin/../lib/gcc/arm-none-eabi/4.8.3/../../../../arm-none-eabi/lib/armv6-m\libc.a(lib_a-svfprintf.o)
 .debug_aranges
                0x000005c8       0x20 c:/program files (x86)/atmel/atmel toolchain/arm gcc/native/4.8.1426/arm-gnu-toolchain/bin/../lib/gcc/arm-none-eabi/4.8.3/../../../../arm-none-eabi/lib/armv6-m\libc.a(lib_a-__atexit.o)
 .debug_aranges
                0x000005e8       0x28 c:/program files (x86)/atmel/atmel toolchain/arm gcc/native/4.8.1426/arm-gnu-toolchain/bin/../lib/gcc/arm-none-eabi/4.8.3/../../../../arm-none-eabi/lib/armv6-m\libc.a(lib_a-__call_atexit.o)
 .debug_aranges
                0x00000610       0x20 c:/program files (x86)/atmel/atmel toolchain/arm gcc/native/4.8.1426/arm-gnu-toolchain/bin/../lib/gcc/arm-none-eabi/4.8.3/../../../../arm-none-eabi/lib/armv6-m\libc.a(lib_a-dtoa.o)
 .debug_aranges
                0x00000630       0x20 c:/program files (x86)/atmel/atmel toolchain/arm gcc/native/4.8.1426/arm-gnu-toolchain/bin/../lib/gcc/arm-none-eabi/4.8.3/../../../../arm-none-eabi/lib/armv6-m\libc.a(lib_a-freer.o)
 .debug_aranges
                0x00000650       0x20 c:/program files (x86)/atmel/atmel toolchain/arm gcc/native/4.8.1426/arm-gnu-toolchain/bin/../lib/gcc/arm-none-eabi/4.8.3/../../../../arm-none-eabi/lib/armv6-m\libc.a(lib_a-locale.o)
 .debug_aranges
                0x00000670       0x20 c:/program files (x86)/atmel/atmel toolchain/arm gcc/native/4.8.1426/arm-gnu-toolchain/bin/../lib/gcc/arm-none-eabi/4.8.3/../../../../arm-none-eabi/lib/armv6-m\libc.a(lib_a-mallocr.o)
 .debug_aranges
                0x00000690       0x20 c:/program files (x86)/atmel/atmel toolchain/arm gcc/native/4.8.1426/arm-gnu-toolchain/bin/../lib/gcc/arm-none-eabi/4.8.3/../../../../arm-none-eabi/lib/armv6-m\libc.a(lib_a-memchr-stub.o)
 .debug_aranges
                0x000006b0       0x20 c:/program files (x86)/atmel/atmel toolchain/arm gcc/native/4.8.1426/arm-gnu-toolchain/bin/../lib/gcc/arm-none-eabi/4.8.3/../../../../arm-none-eabi/lib/armv6-m\libc.a(lib_a-mlock.o)
 .debug_aranges
                0x000006d0       0x20 c:/program files (x86)/atmel/atmel toolchain/arm gcc/native/4.8.1426/arm-gnu-toolchain/bin/../lib/gcc/arm-none-eabi/4.8.3/../../../../arm-none-eabi/lib/armv6-m\libc.a(lib_a-mprec.o)
 .debug_aranges
                0x000006f0       0x20 c:/program files (x86)/atmel/atmel toolchain/arm gcc/native/4.8.1426/arm-gnu-toolchain/bin/../lib/gcc/arm-none-eabi/4.8.3/../../../../arm-none-eabi/lib/armv6-m\libc.a(lib_a-s_fpclassify.o)
 .debug_aranges
                0x00000710       0x20 c:/program files (x86)/atmel/atmel toolchain/arm gcc/native/4.8.1426/arm-gnu-toolchain/bin/../lib/gcc/arm-none-eabi/4.8.3/../../../../arm-none-eabi/lib/armv6-m\libc.a(lib_a-sbrkr.o)
 .debug_aranges
                0x00000730       0x20 c:/program files (x86)/atmel/atmel toolchain/arm gcc/native/4.8.1426/arm-gnu-toolchain/bin/../lib/gcc/arm-none-eabi/4.8.3/../../../../arm-none-eabi/lib/armv6-m\libc.a(lib_a-strcmp.o)
 .debug_aranges
                0x00000750       0x20 c:/program files (x86)/atmel/atmel toolchain/arm gcc/native/4.8.1426/arm-gnu-toolchain/bin/../lib/gcc/arm-none-eabi/4.8.3/../../../../arm-none-eabi/lib/armv6-m\libc.a(lib_a-strlen.o)
 .debug_aranges
                0x00000770       0x20 c:/program files (x86)/atmel/atmel toolchain/arm gcc/native/4.8.1426/arm-gnu-toolchain/bin/../lib/gcc/arm-none-eabi/4.8.3/../../../../arm-none-eabi/lib/armv6-m\libc.a(lib_a-svfiprintf.o)
 .debug_aranges
                0x00000790       0x20 c:/program files (x86)/atmel/atmel toolchain/arm gcc/native/4.8.1426/arm-gnu-toolchain/bin/../lib/gcc/arm-none-eabi/4.8.3/../../../../arm-none-eabi/lib/armv6-m\libc.a(lib_a-callocr.o)
 .debug_aranges
                0x000007b0       0x20 c:/program files (x86)/atmel/atmel toolchain/arm gcc/native/4.8.1426/arm-gnu-toolchain/bin/../lib/gcc/arm-none-eabi/4.8.3/../../../../arm-none-eabi/lib/armv6-m\libc.a(lib_a-memmove.o)
 .debug_aranges
                0x000007d0       0x20 c:/program files (x86)/atmel/atmel toolchain/arm gcc/native/4.8.1426/arm-gnu-toolchain/bin/../lib/gcc/arm-none-eabi/4.8.3/../../../../arm-none-eabi/lib/armv6-m\libc.a(lib_a-reallocr.o)
 .debug_aranges
                0x000007f0       0x20 c:/program files (x86)/atmel/atmel toolchain/arm gcc/native/4.8.1426/arm-gnu-toolchain/bin/../lib/gcc/arm-none-eabi/4.8.3/../../../../arm-none-eabi/lib/armv6-m\libc.a(lib_a-reent.o)

.debug_ranges   0x00000000      0x5f0
 .debug_ranges  0x00000000       0x58 src/ASF/sam0/drivers/adc/adc.o
 .debug_ranges  0x00000058       0x28 src/ASF/sam0/drivers/sercom/sercom.o
 .debug_ranges  0x00000080       0x60 src/ASF/sam0/drivers/tc/tc_interrupt.o
 .debug_ranges  0x000000e0      0x120 src/ASF/sam0/drivers/sercom/usart/usart.o
 .debug_ranges  0x00000200       0x60 src/ASF/sam0/drivers/sercom/usart/usart_interrupt.o
 .debug_ranges  0x00000260       0x58 src/ASF/sam0/drivers/sercom/sercom_interrupt.o
 .debug_ranges  0x000002b8       0x38 src/ASF/sam0/drivers/adc/adc_callback.o
 .debug_ranges  0x000002f0       0x18 src/ASF/common/utils/interrupt/interrupt_sam_nvic.o
 .debug_ranges  0x00000308       0x10 src/ASF/sam0/boards/samd20_xplained_pro/board_init.o
 .debug_ranges  0x00000318       0x18 src/ASF/sam0/drivers/port/port.o
 .debug_ranges  0x00000330       0x60 src/ASF/sam0/drivers/system/clock/clock_samd20/clock.o
 .debug_ranges  0x00000390       0x70 src/ASF/sam0/drivers/system/clock/clock_samd20/gclk.o
 .debug_ranges  0x00000400       0x28 src/ASF/sam0/drivers/system/pinmux/pinmux.o
 .debug_ranges  0x00000428       0x20 src/ASF/sam0/drivers/system/system.o
 .debug_ranges  0x00000448       0x18 src/ASF/sam0/utils/cmsis/samd20/source/gcc/startup_samd20.o
 .debug_ranges  0x00000460       0x50 src/ASF/sam0/utils/syscalls/gcc/syscalls.o
 .debug_ranges  0x000004b0       0x78 src/main.o
 .debug_ranges  0x00000528       0x48 c:/program files (x86)/atmel/atmel toolchain/arm gcc/native/4.8.1426/arm-gnu-toolchain/bin/../lib/gcc/arm-none-eabi/4.8.3/../../../../arm-none-eabi/lib/armv6-m\libc.a(lib_a-svfprintf.o)
 .debug_ranges  0x00000570       0x18 c:/program files (x86)/atmel/atmel toolchain/arm gcc/native/4.8.1426/arm-gnu-toolchain/bin/../lib/gcc/arm-none-eabi/4.8.3/../../../../arm-none-eabi/lib/armv6-m\libc.a(lib_a-__call_atexit.o)
 .debug_ranges  0x00000588       0x18 c:/program files (x86)/atmel/atmel toolchain/arm gcc/native/4.8.1426/arm-gnu-toolchain/bin/../lib/gcc/arm-none-eabi/4.8.3/../../../../arm-none-eabi/lib/armv6-m\libc.a(lib_a-s_fpclassify.o)
 .debug_ranges  0x000005a0       0x50 c:/program files (x86)/atmel/atmel toolchain/arm gcc/native/4.8.1426/arm-gnu-toolchain/bin/../lib/gcc/arm-none-eabi/4.8.3/../../../../arm-none-eabi/lib/armv6-m\libc.a(lib_a-reallocr.o)

.debug_macro    0x00000000     0x571b
 .debug_macro   0x00000000      0x453 src/ASF/sam0/drivers/adc/adc.o
 .debug_macro   0x00000453       0x11 src/ASF/sam0/drivers/adc/adc.o
 .debug_macro   0x00000464       0x2e src/ASF/sam0/drivers/adc/adc.o
 .debug_macro   0x00000492       0x19 src/ASF/sam0/drivers/adc/adc.o
 .debug_macro   0x000004ab      0x474 src/ASF/sam0/drivers/sercom/sercom.o
 .debug_macro   0x0000091f       0x9a src/ASF/sam0/drivers/sercom/sercom.o
 .debug_macro   0x000009b9       0x10 src/ASF/sam0/drivers/sercom/sercom.o